<html>
<body>
<pre>
<h1>µVision Build Log</h1>
<h2>Tool Versions:</h2>
IDE-Version: ¦ÌVision V5.36.0.0
Copyright (C) 2021 ARM Ltd and ARM Germany GmbH. All rights reserved.
License Information: Li 1871462453@qq.com, 1, LIC=KRMW3-AMDFC-Z9YG9-4R0CR-Y0SQP-WJNZB
 
Tool Versions:
Toolchain:       MDK-ARM Plus  Version: 5.36.0.0
Toolchain Path:  D:\Embedded\Software\Keil_v5\ARM\ARMCLANG\Bin
C Compiler:      ArmClang.exe V6.16
Assembler:       Armasm.exe V6.16
Linker/Locator:  ArmLink.exe V6.16
Library Manager: ArmAr.exe V6.16
Hex Converter:   FromElf.exe V6.16
CPU DLL:         SARMCM3.DLL V5.36.0.0
Dialog DLL:      DCM.DLL V1.17.3.0
Target DLL:      CMSIS_AGDI.dll V1.33.0.0
Dialog DLL:      TCM.DLL V1.53.0.0
 
<h2>Project:</h2>
d:\Embedded\Software\Keil_proj\GD32_FreeRTOS_libmodbus\MDK_ARM\GD32_FreeRTOS_libmodbus.uvprojx
Project File Date:  04/11/2025

<h2>Output:</h2>
*** Using Compiler 'V6.16', folder: 'D:\Embedded\Software\Keil_v5\ARM\ARMCLANG\Bin'
Build target 'GD_FreeRTOS_libmodbus'
compiling usart.c...
linking...
Program Size: Code=22956 RO-data=2740 RW-data=15420 ZI-data=37300  
FromELF: creating hex file...
".\Objects\GD32_FreeRTOS_libmodbus.axf" - 0 Error(s), 0 Warning(s).

<h2>Software Packages used:</h2>

Package Vendor: ARM
                http://www.keil.com/pack/ARM.CMSIS.5.8.0.pack
                ARM.CMSIS.5.8.0
                CMSIS (Common Microcontroller Software Interface Standard)
   * Component: CORE Version: 5.5.0

Package Vendor: GigaDevice
                https://gd32mcu.com/GigaDevice.GD32H7xx_DFP.1.4.0.pack
                GigaDevice.GD32H7xx_DFP.1.4.0
                GigaDevice GD32H7xx Series Device Support and Examples

Package Vendor: Keil
                http://www.keil.com/pack/Keil.ARM_Compiler.1.6.3.pack
                Keil.ARM_Compiler.1.6.3
                Keil ARM Compiler extensions for ARM Compiler 5 and ARM Compiler 6
   * Component: STDERR Variant: Breakpoint Version: 1.2.0

<h2>Collection of Component include folders:</h2>
  .\RTE\_GD_FreeRTOS_libmodbus
  D:\Embedded\Software\Keil_v5\ARM\Packs\ARM\CMSIS\5.8.0\CMSIS\Core\Include
  D:\Embedded\Software\Keil_v5\ARM\Packs\GigaDevice\GD32H7xx_DFP\1.4.0\Device\Include

<h2>Collection of Component Files used:</h2>

   * Component: ARM::CMSIS:CORE:5.5.0

   * Component: Keil.ARM Compiler::Compiler:I/O:STDERR:Breakpoint:1.2.0
      Source file:   Source\retarget_io.c
Build Time Elapsed:  00:00:02
</pre>
</body>
</html>
