Component: ARM Compiler 6.16 Tool: armlink [5dfeaa00]

==============================================================================

Section Cross References

    gd32h7xx_it.o(.ARM.exidx.text.NMI_Handler) refers to gd32h7xx_it.o(.text.NMI_Handler) for [Anonymous Symbol]
    gd32h7xx_it.o(.ARM.exidx.text.HardFault_Handler) refers to gd32h7xx_it.o(.text.HardFault_Handler) for [Anonymous Symbol]
    gd32h7xx_it.o(.ARM.exidx.text.MemManage_Handler) refers to gd32h7xx_it.o(.text.MemManage_Handler) for [Anonymous Symbol]
    gd32h7xx_it.o(.ARM.exidx.text.BusFault_Handler) refers to gd32h7xx_it.o(.text.BusFault_Handler) for [Anonymous Symbol]
    gd32h7xx_it.o(.ARM.exidx.text.UsageFault_Handler) refers to gd32h7xx_it.o(.text.UsageFault_Handler) for [Anonymous Symbol]
    gd32h7xx_it.o(.ARM.exidx.text.DebugMon_Handler) refers to gd32h7xx_it.o(.text.DebugMon_Handler) for [Anonymous Symbol]
    gd32h7xx_it.o(.ARM.exidx.text.FPU_IRQHandler) refers to gd32h7xx_it.o(.text.FPU_IRQHandler) for [Anonymous Symbol]
    gd32h7xx_it.o(.text.SysTick_Handler) refers to tasks.o(.text.xTaskGetSchedulerState) for xTaskGetSchedulerState
    gd32h7xx_it.o(.text.SysTick_Handler) refers to port.o(.text.xPortSysTickHandler) for xPortSysTickHandler
    gd32h7xx_it.o(.ARM.exidx.text.SysTick_Handler) refers to gd32h7xx_it.o(.text.SysTick_Handler) for [Anonymous Symbol]
    main.o(.text.periph_clk_init) refers to gd32h7xx_rcu.o(.text.rcu_periph_clock_enable) for rcu_periph_clock_enable
    main.o(.ARM.exidx.text.periph_clk_init) refers to main.o(.text.periph_clk_init) for [Anonymous Symbol]
    main.o(.text.irq_init) refers to gd32h7xx_misc.o(.text.nvic_priority_group_set) for nvic_priority_group_set
    main.o(.text.irq_init) refers to gd32h7xx_misc.o(.text.nvic_irq_enable) for nvic_irq_enable
    main.o(.ARM.exidx.text.irq_init) refers to main.o(.text.irq_init) for [Anonymous Symbol]
    main.o(.text.main) refers to main.o(.text.cache_enable) for cache_enable
    main.o(.text.main) refers to systick.o(.text.systick_config) for systick_config
    main.o(.text.main) refers to main.o(.text.periph_clk_init) for periph_clk_init
    main.o(.text.main) refers to bsp.o(.text.gd_bsp_init) for gd_bsp_init
    main.o(.text.main) refers to main.o(.text.irq_init) for irq_init
    main.o(.text.main) refers to app_task.o(.text.FreeRTOS_Task_Create_And_Start) for FreeRTOS_Task_Create_And_Start
    main.o(.text.main) refers to printfa.o(i.__0printf) for __2printf
    main.o(.ARM.exidx.text.main) refers to main.o(.text.main) for [Anonymous Symbol]
    main.o(.ARM.exidx.text.cache_enable) refers to main.o(.text.cache_enable) for [Anonymous Symbol]
    main.o(.text.fputc) refers to gd32h7xx_usart.o(.text.usart_data_transmit) for usart_data_transmit
    main.o(.text.fputc) refers to gd32h7xx_usart.o(.text.usart_flag_get) for usart_flag_get
    main.o(.ARM.exidx.text.fputc) refers to main.o(.text.fputc) for [Anonymous Symbol]
    systick.o(.text.systick_config) refers to system_gd32h7xx.o(.data.SystemCoreClock) for SystemCoreClock
    systick.o(.text.systick_config) refers to systick.o(.text.SysTick_Config) for SysTick_Config
    systick.o(.text.systick_config) refers to systick.o(.text.__NVIC_SetPriority) for __NVIC_SetPriority
    systick.o(.ARM.exidx.text.systick_config) refers to systick.o(.text.systick_config) for [Anonymous Symbol]
    systick.o(.text.SysTick_Config) refers to systick.o(.text.__NVIC_SetPriority) for __NVIC_SetPriority
    systick.o(.ARM.exidx.text.SysTick_Config) refers to systick.o(.text.SysTick_Config) for [Anonymous Symbol]
    systick.o(.ARM.exidx.text.__NVIC_SetPriority) refers to systick.o(.text.__NVIC_SetPriority) for [Anonymous Symbol]
    systick.o(.text.delay_1ms) refers to systick.o(.bss.delay) for delay
    systick.o(.ARM.exidx.text.delay_1ms) refers to systick.o(.text.delay_1ms) for [Anonymous Symbol]
    systick.o(.text.delay_decrement) refers to systick.o(.bss.delay) for delay
    systick.o(.ARM.exidx.text.delay_decrement) refers to systick.o(.text.delay_decrement) for [Anonymous Symbol]
    app_task.o(.text.FreeRTOS_Task_Create_And_Start) refers to queue.o(.text.xQueueGenericCreate) for xQueueGenericCreate
    app_task.o(.text.FreeRTOS_Task_Create_And_Start) refers to app_task.o(.bss.Modbus_Recv_Buf) for Modbus_Recv_Buf
    app_task.o(.text.FreeRTOS_Task_Create_And_Start) refers to app_task.o(.text.Modbus_Slave_Tsk) for Modbus_Slave_Tsk
    app_task.o(.text.FreeRTOS_Task_Create_And_Start) refers to app_task.o(.bss.Modbus_Slave_Tsk_Handle) for Modbus_Slave_Tsk_Handle
    app_task.o(.text.FreeRTOS_Task_Create_And_Start) refers to tasks.o(.text.xTaskCreate) for xTaskCreate
    app_task.o(.text.FreeRTOS_Task_Create_And_Start) refers to app_task.o(.text.Led_Tsk) for Led_Tsk
    app_task.o(.text.FreeRTOS_Task_Create_And_Start) refers to app_task.o(.bss.LED_Tsk_Handle) for LED_Tsk_Handle
    app_task.o(.text.FreeRTOS_Task_Create_And_Start) refers to tasks.o(.text.vTaskStartScheduler) for vTaskStartScheduler
[...]
    [Anonymous Symbol]                       0x240080e8   Section        0  tasks.o(.bss.uxCurrentNumberOfTasks)
    uxDeletedTasksWaitingCleanUp             0x240080ec   Data           4  tasks.o(.bss.uxDeletedTasksWaitingCleanUp)
    [Anonymous Symbol]                       0x240080ec   Section        0  tasks.o(.bss.uxDeletedTasksWaitingCleanUp)
    uxSchedulerSuspended                     0x240080f0   Data           4  tasks.o(.bss.uxSchedulerSuspended)
    [Anonymous Symbol]                       0x240080f0   Section        0  tasks.o(.bss.uxSchedulerSuspended)
    uxTaskNumber                             0x240080f4   Data           4  tasks.o(.bss.uxTaskNumber)
    [Anonymous Symbol]                       0x240080f4   Section        0  tasks.o(.bss.uxTaskNumber)
    uxTopReadyPriority                       0x240080f8   Data           4  tasks.o(.bss.uxTopReadyPriority)
    [Anonymous Symbol]                       0x240080f8   Section        0  tasks.o(.bss.uxTopReadyPriority)
    xActiveTimerList1                        0x240080fc   Data          20  timers.o(.bss.xActiveTimerList1)
    [Anonymous Symbol]                       0x240080fc   Section        0  timers.o(.bss.xActiveTimerList1)
    xActiveTimerList2                        0x24008110   Data          20  timers.o(.bss.xActiveTimerList2)
    [Anonymous Symbol]                       0x24008110   Section        0  timers.o(.bss.xActiveTimerList2)
    xDelayedTaskList1                        0x24008124   Data          20  tasks.o(.bss.xDelayedTaskList1)
    [Anonymous Symbol]                       0x24008124   Section        0  tasks.o(.bss.xDelayedTaskList1)
    xDelayedTaskList2                        0x24008138   Data          20  tasks.o(.bss.xDelayedTaskList2)
    [Anonymous Symbol]                       0x24008138   Section        0  tasks.o(.bss.xDelayedTaskList2)
    xFreeBytesRemaining                      0x2400814c   Data           4  heap_4.o(.bss.xFreeBytesRemaining)
    [Anonymous Symbol]                       0x2400814c   Section        0  heap_4.o(.bss.xFreeBytesRemaining)
    xIdleTaskHandles                         0x24008150   Data           4  tasks.o(.bss.xIdleTaskHandles)
    [Anonymous Symbol]                       0x24008150   Section        0  tasks.o(.bss.xIdleTaskHandles)
    xMinimumEverFreeBytesRemaining           0x24008154   Data           4  heap_4.o(.bss.xMinimumEverFreeBytesRemaining)
    [Anonymous Symbol]                       0x24008154   Section        0  heap_4.o(.bss.xMinimumEverFreeBytesRemaining)
    xNextTaskUnblockTime                     0x24008158   Data           2  tasks.o(.bss.xNextTaskUnblockTime)
    [Anonymous Symbol]                       0x24008158   Section        0  tasks.o(.bss.xNextTaskUnblockTime)
    xNumOfOverflows                          0x2400815c   Data           4  tasks.o(.bss.xNumOfOverflows)
    [Anonymous Symbol]                       0x2400815c   Section        0  tasks.o(.bss.xNumOfOverflows)
    xNumberOfSuccessfulAllocations           0x24008160   Data           4  heap_4.o(.bss.xNumberOfSuccessfulAllocations)
    [Anonymous Symbol]                       0x24008160   Section        0  heap_4.o(.bss.xNumberOfSuccessfulAllocations)
    xNumberOfSuccessfulFrees                 0x24008164   Data           4  heap_4.o(.bss.xNumberOfSuccessfulFrees)
    [Anonymous Symbol]                       0x24008164   Section        0  heap_4.o(.bss.xNumberOfSuccessfulFrees)
    xPendedTicks                             0x24008168   Data           2  tasks.o(.bss.xPendedTicks)
    [Anonymous Symbol]                       0x24008168   Section        0  tasks.o(.bss.xPendedTicks)
    xPendingReadyList                        0x2400816c   Data          20  tasks.o(.bss.xPendingReadyList)
    [Anonymous Symbol]                       0x2400816c   Section        0  tasks.o(.bss.xPendingReadyList)
    xSchedulerRunning                        0x24008180   Data           4  tasks.o(.bss.xSchedulerRunning)
    [Anonymous Symbol]                       0x24008180   Section        0  tasks.o(.bss.xSchedulerRunning)
    xStart                                   0x24008184   Data           8  heap_4.o(.bss.xStart)
    [Anonymous Symbol]                       0x24008184   Section        0  heap_4.o(.bss.xStart)
    xSuspendedTaskList                       0x2400818c   Data          20  tasks.o(.bss.xSuspendedTaskList)
    [Anonymous Symbol]                       0x2400818c   Section        0  tasks.o(.bss.xSuspendedTaskList)
    xTasksWaitingTermination                 0x240081a0   Data          20  tasks.o(.bss.xTasksWaitingTermination)
    [Anonymous Symbol]                       0x240081a0   Section        0  tasks.o(.bss.xTasksWaitingTermination)
    xTickCount                               0x240081b4   Data           2  tasks.o(.bss.xTickCount)
    [Anonymous Symbol]                       0x240081b4   Section        0  tasks.o(.bss.xTickCount)
    xTimerQueue                              0x240081b8   Data           4  timers.o(.bss.xTimerQueue)
    [Anonymous Symbol]                       0x240081b8   Section        0  timers.o(.bss.xTimerQueue)
    xTimerTaskHandle                         0x240081bc   Data           4  timers.o(.bss.xTimerTaskHandle)
    [Anonymous Symbol]                       0x240081bc   Section        0  timers.o(.bss.xTimerTaskHandle)
    xYieldPendings                           0x240081c0   Data           4  tasks.o(.bss.xYieldPendings)
    [Anonymous Symbol]                       0x240081c0   Section        0  tasks.o(.bss.xYieldPendings)
    STACK                                    0x240081c8   Section     4096  startup_gd32h7xx.o(STACK)

    Global Symbols

    Symbol Name                              Value     Ov Type        Size  Object(Section)

    BuildAttributes$$THM_ISAv4$E$P$D$K$B$S$7EM$VFPv5_D16$PE$PLD8$A:L22UL41UL21$X:L11$S22US41US21$IEEE1$IW$~IW$USESV6$~STKCKD$USESV7$~SHL$OTIME$ROPI$EBA8$MICROLIB$REQ8$PRES8$EABIv2 0x00000000   Number         0  anon$$obj.o ABSOLUTE
    _printf_a                                0x00000000   Number         0  printfstubs.o ABSOLUTE
    _printf_c                                0x00000000   Number         0  printfstubs.o ABSOLUTE
    _printf_charcount                        0x00000000   Number         0  printfstubs.o ABSOLUTE
    _printf_d                                0x00000000   Number         0  printfstubs.o ABSOLUTE
    _printf_e                                0x00000000   Number         0  printfstubs.o ABSOLUTE
    _printf_f                                0x00000000   Number         0  printfstubs.o ABSOLUTE
    _printf_flags                            0x00000000   Number         0  printfstubs.o ABSOLUTE
    _printf_fp_dec                           0x00000000   Number         0  printfstubs.o ABSOLUTE
    _printf_fp_hex                           0x00000000   Number         0  printfstubs.o ABSOLUTE
    _printf_g                                0x00000000   Number         0  printfstubs.o ABSOLUTE
    _printf_i                                0x00000000   Number         0  printfstubs.o ABSOLUTE
    _printf_int_dec                          0x00000000   Number         0  printfstubs.o ABSOLUTE
    _printf_l                                0x00000000   Number         0  printfstubs.o ABSOLUTE
    _printf_lc                               0x00000000   Number         0  printfstubs.o ABSOLUTE
    _printf_ll                               0x00000000   Number         0  printfstubs.o ABSOLUTE
    _printf_lld                              0x00000000   Number         0  printfstubs.o ABSOLUTE
    _printf_lli                              0x00000000   Number         0  printfstubs.o ABSOLUTE
    _printf_llo                              0x00000000   Number         0  printfstubs.o ABSOLUTE
    _printf_llu                              0x00000000   Number         0  printfstubs.o ABSOLUTE
    _printf_llx                              0x00000000   Number         0  printfstubs.o ABSOLUTE
    _printf_longlong_dec                     0x00000000   Number         0  printfstubs.o ABSOLUTE
    _printf_longlong_hex                     0x00000000   Number         0  printfstubs.o ABSOLUTE
    _printf_longlong_oct                     0x00000000   Number         0  printfstubs.o ABSOLUTE
    _printf_ls                               0x00000000   Number         0  printfstubs.o ABSOLUTE
    _printf_mbtowc                           0x00000000   Number         0  printfstubs.o ABSOLUTE
    _printf_n                                0x00000000   Number         0  printfstubs.o ABSOLUTE
    _printf_o                                0x00000000   Number         0  printfstubs.o ABSOLUTE
    _printf_p                                0x00000000   Number         0  printfstubs.o ABSOLUTE
    _printf_percent                          0x00000000   Number         0  printfstubs.o ABSOLUTE
    _printf_pre_padding                      0x00000000   Number         0  printfstubs.o ABSOLUTE
    _printf_return_value                     0x00000000   Number         0  printfstubs.o ABSOLUTE
    _printf_s                                0x00000000   Number         0  printfstubs.o ABSOLUTE
    _printf_sizespec                         0x00000000   Number         0  printfstubs.o ABSOLUTE
    _printf_str                              0x00000000   Number         0  printfstubs.o ABSOLUTE
    _printf_truncate_signed                  0x00000000   Number         0  printfstubs.o ABSOLUTE
    _printf_truncate_unsigned                0x00000000   Number         0  printfstubs.o ABSOLUTE
    _printf_u                                0x00000000   Number         0  printfstubs.o ABSOLUTE
    _printf_wc                               0x00000000   Number         0  printfstubs.o ABSOLUTE
    _printf_wctomb                           0x00000000   Number         0  printfstubs.o ABSOLUTE
    _printf_widthprec                        0x00000000   Number         0  printfstubs.o ABSOLUTE
    _printf_x                                0x00000000   Number         0  printfstubs.o ABSOLUTE
    __cpp_initialize__aeabi_                  - Undefined Weak Reference
    __cxa_finalize                            - Undefined Weak Reference
    __decompress                              - Undefined Weak Reference
    _clock_init                               - Undefined Weak Reference
    _microlib_exit                            - Undefined Weak Reference
    __Vectors_Size                           0x000003a4   Number         0  startup_gd32h7xx.o ABSOLUTE
    __Vectors                                0x08000000   Data           4  startup_gd32h7xx.o(RESET)
    __Vectors_End                            0x080003a4   Data           0  startup_gd32h7xx.o(RESET)
    __main                                   0x080003a5   Thumb Code     0  entry.o(.ARM.Collect$$$$00000000)
    _main_stk                                0x080003a5   Thumb Code     0  entry2.o(.ARM.Collect$$$$00000001)
    _main_scatterload                        0x080003a9   Thumb Code     0  entry5.o(.ARM.Collect$$$$00000004)
    __main_after_scatterload                 0x080003ad   Thumb Code     0  entry5.o(.ARM.Collect$$$$00000004)
    _main_clock                              0x080003ad   Thumb Code     0  entry7b.o(.ARM.Collect$$$$00000008)
    _main_cpp_init                           0x080003ad   Thumb Code     0  entry8b.o(.ARM.Collect$$$$0000000A)
    _main_init                               0x080003ad   Thumb Code     0  entry9a.o(.ARM.Collect$$$$0000000B)
    __rt_final_cpp                           0x080003b5   Thumb Code     0  entry10a.o(.ARM.Collect$$$$0000000D)
    __rt_final_exit                          0x080003b5   Thumb Code     0  entry11a.o(.ARM.Collect$$$$0000000F)
    Reset_Handler                            0x080003b9   Thumb Code    26  startup_gd32h7xx.o(.text)
    ADC0_1_IRQHandler                        0x080003e5   Thumb Code     0  startup_gd32h7xx.o(.text)
    ADC2_IRQHandler                          0x080003e5   Thumb Code     0  startup_gd32h7xx.o(.text)
    CAN0_Busoff_IRQHandler                   0x080003e5   Thumb Code     0  startup_gd32h7xx.o(.text)
    CAN0_Error_IRQHandler                    0x080003e5   Thumb Code     0  startup_gd32h7xx.o(.text)
    CAN0_FastError_IRQHandler                0x080003e5   Thumb Code     0  startup_gd32h7xx.o(.text)
    CAN0_Message_IRQHandler                  0x080003e5   Thumb Code     0  startup_gd32h7xx.o(.text)
    CAN0_REC_IRQHandler                      0x080003e5   Thumb Code     0  startup_gd32h7xx.o(.text)
    CAN0_TEC_IRQHandler                      0x080003e5   Thumb Code     0  startup_gd32h7xx.o(.text)
    CAN0_WKUP_IRQHandler                     0x080003e5   Thumb Code     0  startup_gd32h7xx.o(.text)
    CAN1_Busoff_IRQHandler                   0x080003e5   Thumb Code     0  startup_gd32h7xx.o(.text)
    CAN1_Error_IRQHandler                    0x080003e5   Thumb Code     0  startup_gd32h7xx.o(.text)
    CAN1_FastError_IRQHandler                0x080003e5   Thumb Code     0  startup_gd32h7xx.o(.text)
    CAN1_Message_IRQHandler                  0x080003e5   Thumb Code     0  startup_gd32h7xx.o(.text)
    CAN1_REC_IRQHandler                      0x080003e5   Thumb Code     0  startup_gd32h7xx.o(.text)
    CAN1_TEC_IRQHandler                      0x080003e5   Thumb Code     0  startup_gd32h7xx.o(.text)
    CAN1_WKUP_IRQHandler                     0x080003e5   Thumb Code     0  startup_gd32h7xx.o(.text)
    CAN2_Busoff_IRQHandler                   0x080003e5   Thumb Code     0  startup_gd32h7xx.o(.text)
    CAN2_Error_IRQHandler                    0x080003e5   Thumb Code     0  startup_gd32h7xx.o(.text)
    CAN2_FastError_IRQHandler                0x080003e5   Thumb Code     0  startup_gd32h7xx.o(.text)
    CAN2_Message_IRQHandler                  0x080003e5   Thumb Code     0  startup_gd32h7xx.o(.text)
    CAN2_REC_IRQHandler                      0x080003e5   Thumb Code     0  startup_gd32h7xx.o(.text)
    CAN2_TEC_IRQHandler                      0x080003e5   Thumb Code     0  startup_gd32h7xx.o(.text)
    CAN2_WKUP_IRQHandler                     0x080003e5   Thumb Code     0  startup_gd32h7xx.o(.text)
    CAU_IRQHandler                           0x080003e5   Thumb Code     0  startup_gd32h7xx.o(.text)
    CMP0_1_IRQHandler                        0x080003e5   Thumb Code     0  startup_gd32h7xx.o(.text)
    CTC_IRQHandler                           0x080003e5   Thumb Code     0  startup_gd32h7xx.o(.text)
    DCI_IRQHandler                           0x080003e5   Thumb Code     0  startup_gd32h7xx.o(.text)
    DMA0_Channel0_IRQHandler                 0x080003e5   Thumb Code     0  startup_gd32h7xx.o(.text)
    DMA0_Channel1_IRQHandler                 0x080003e5   Thumb Code     0  startup_gd32h7xx.o(.text)
    DMA0_Channel2_IRQHandler                 0x080003e5   Thumb Code     0  startup_gd32h7xx.o(.text)
    DMA0_Channel3_IRQHandler                 0x080003e5   Thumb Code     0  startup_gd32h7xx.o(.text)
    DMA0_Channel4_IRQHandler                 0x080003e5   Thumb Code     0  startup_gd32h7xx.o(.text)
    DMA0_Channel5_IRQHandler                 0x080003e5   Thumb Code     0  startup_gd32h7xx.o(.text)
    DMA0_Channel6_IRQHandler                 0x080003e5   Thumb Code     0  startup_gd32h7xx.o(.text)
    DMA0_Channel7_IRQHandler                 0x080003e5   Thumb Code     0  startup_gd32h7xx.o(.text)
    DMA1_Channel0_IRQHandler                 0x080003e5   Thumb Code     0  startup_gd32h7xx.o(.text)
    DMA1_Channel1_IRQHandler                 0x080003e5   Thumb Code     0  startup_gd32h7xx.o(.text)
    DMA1_Channel2_IRQHandler                 0x080003e5   Thumb Code     0  startup_gd32h7xx.o(.text)
    DMA1_Channel3_IRQHandler                 0x080003e5   Thumb Code     0  startup_gd32h7xx.o(.text)
    DMA1_Channel4_IRQHandler                 0x080003e5   Thumb Code     0  startup_gd32h7xx.o(.text)
    DMA1_Channel5_IRQHandler                 0x080003e5   Thumb Code     0  startup_gd32h7xx.o(.text)
    DMA1_Channel6_IRQHandler                 0x080003e5   Thumb Code     0  startup_gd32h7xx.o(.text)
    DMA1_Channel7_IRQHandler                 0x080003e5   Thumb Code     0  startup_gd32h7xx.o(.text)
    DMAMUX_OVR_IRQHandler                    0x080003e5   Thumb Code     0  startup_gd32h7xx.o(.text)
    EFUSE_IRQHandler                         0x080003e5   Thumb Code     0  startup_gd32h7xx.o(.text)
    ENET0_IRQHandler                         0x080003e5   Thumb Code     0  startup_gd32h7xx.o(.text)
    ENET0_WKUP_IRQHandler                    0x080003e5   Thumb Code     0  startup_gd32h7xx.o(.text)
    ENET1_IRQHandler                         0x080003e5   Thumb Code     0  startup_gd32h7xx.o(.text)
    ENET1_WKUP_IRQHandler                    0x080003e5   Thumb Code     0  startup_gd32h7xx.o(.text)
    EXMC_IRQHandler                          0x080003e5   Thumb Code     0  startup_gd32h7xx.o(.text)
    EXTI0_IRQHandler                         0x080003e5   Thumb Code     0  startup_gd32h7xx.o(.text)
    EXTI10_15_IRQHandler                     0x080003e5   Thumb Code     0  startup_gd32h7xx.o(.text)
    EXTI1_IRQHandler                         0x080003e5   Thumb Code     0  startup_gd32h7xx.o(.text)
    EXTI2_IRQHandler                         0x080003e5   Thumb Code     0  startup_gd32h7xx.o(.text)
    EXTI3_IRQHandler                         0x080003e5   Thumb Code     0  startup_gd32h7xx.o(.text)
    EXTI4_IRQHandler                         0x080003e5   Thumb Code     0  startup_gd32h7xx.o(.text)
    EXTI5_9_IRQHandler                       0x080003e5   Thumb Code     0  startup_gd32h7xx.o(.text)
    FAC_IRQHandler                           0x080003e5   Thumb Code     0  startup_gd32h7xx.o(.text)
    FMC_IRQHandler                           0x080003e5   Thumb Code     0  startup_gd32h7xx.o(.text)
    HAU_TRNG_IRQHandler                      0x080003e5   Thumb Code     0  startup_gd32h7xx.o(.text)
    HPDF_INT0_IRQHandler                     0x080003e5   Thumb Code     0  startup_gd32h7xx.o(.text)
    HPDF_INT1_IRQHandler                     0x080003e5   Thumb Code     0  startup_gd32h7xx.o(.text)
    HPDF_INT2_IRQHandler                     0x080003e5   Thumb Code     0  startup_gd32h7xx.o(.text)
    HPDF_INT3_IRQHandler                     0x080003e5   Thumb Code     0  startup_gd32h7xx.o(.text)
    HWSEM_IRQHandler                         0x080003e5   Thumb Code     0  startup_gd32h7xx.o(.text)
    I2C0_ER_IRQHandler                       0x080003e5   Thumb Code     0  startup_gd32h7xx.o(.text)
    I2C0_EV_IRQHandler                       0x080003e5   Thumb Code     0  startup_gd32h7xx.o(.text)
    I2C0_WKUP_IRQHandler                     0x080003e5   Thumb Code     0  startup_gd32h7xx.o(.text)
    I2C1_ER_IRQHandler                       0x080003e5   Thumb Code     0  startup_gd32h7xx.o(.text)
    I2C1_EV_IRQHandler                       0x080003e5   Thumb Code     0  startup_gd32h7xx.o(.text)
    I2C1_WKUP_IRQHandler                     0x080003e5   Thumb Code     0  startup_gd32h7xx.o(.text)
    I2C2_ER_IRQHandler                       0x080003e5   Thumb Code     0  startup_gd32h7xx.o(.text)
    I2C2_EV_IRQHandler                       0x080003e5   Thumb Code     0  startup_gd32h7xx.o(.text)
    I2C2_WKUP_IRQHandler                     0x080003e5   Thumb Code     0  startup_gd32h7xx.o(.text)
    I2C3_ER_IRQHandler                       0x080003e5   Thumb Code     0  startup_gd32h7xx.o(.text)
    I2C3_EV_IRQHandler                       0x080003e5   Thumb Code     0  startup_gd32h7xx.o(.text)
    I2C3_WKUP_IRQHandler                     0x080003e5   Thumb Code     0  startup_gd32h7xx.o(.text)
    IPA_IRQHandler                           0x080003e5   Thumb Code     0  startup_gd32h7xx.o(.text)
    LPDTS_IRQHandler                         0x080003e5   Thumb Code     0  startup_gd32h7xx.o(.text)
    LPDTS_WKUP_IRQHandler                    0x080003e5   Thumb Code     0  startup_gd32h7xx.o(.text)
    MDIO_IRQHandler                          0x080003e5   Thumb Code     0  startup_gd32h7xx.o(.text)
    MDMA_IRQHandler                          0x080003e5   Thumb Code     0  startup_gd32h7xx.o(.text)
    OSPI0_IRQHandler                         0x080003e5   Thumb Code     0  startup_gd32h7xx.o(.text)
    OSPI1_IRQHandler                         0x080003e5   Thumb Code     0  startup_gd32h7xx.o(.text)
    RAMECCMU_IRQHandler                      0x080003e5   Thumb Code     0  startup_gd32h7xx.o(.text)
    RCU_IRQHandler                           0x080003e5   Thumb Code     0  startup_gd32h7xx.o(.text)
    RSPDIF_IRQHandler                        0x080003e5   Thumb Code     0  startup_gd32h7xx.o(.text)
    RTC_Alarm_IRQHandler                     0x080003e5   Thumb Code     0  startup_gd32h7xx.o(.text)
    RTC_WKUP_IRQHandler                      0x080003e5   Thumb Code     0  startup_gd32h7xx.o(.text)
    RTDEC0_IRQHandler                        0x080003e5   Thumb Code     0  startup_gd32h7xx.o(.text)
    RTDEC1_IRQHandler                        0x080003e5   Thumb Code     0  startup_gd32h7xx.o(.text)
    SAI0_IRQHandler                          0x080003e5   Thumb Code     0  startup_gd32h7xx.o(.text)
    SAI1_IRQHandler                          0x080003e5   Thumb Code     0  startup_gd32h7xx.o(.text)
    SAI2_IRQHandler                          0x080003e5   Thumb Code     0  startup_gd32h7xx.o(.text)
    SDIO0_IRQHandler                         0x080003e5   Thumb Code     0  startup_gd32h7xx.o(.text)
    SDIO1_IRQHandler                         0x080003e5   Thumb Code     0  startup_gd32h7xx.o(.text)
    SPI0_IRQHandler                          0x080003e5   Thumb Code     0  startup_gd32h7xx.o(.text)
    SPI1_IRQHandler                          0x080003e5   Thumb Code     0  startup_gd32h7xx.o(.text)
    SPI2_IRQHandler                          0x080003e5   Thumb Code     0  startup_gd32h7xx.o(.text)
    SPI3_IRQHandler                          0x080003e5   Thumb Code     0  startup_gd32h7xx.o(.text)
    SPI4_IRQHandler                          0x080003e5   Thumb Code     0  startup_gd32h7xx.o(.text)
    SPI5_IRQHandler                          0x080003e5   Thumb Code     0  startup_gd32h7xx.o(.text)
    TAMPER_STAMP_LXTAL_IRQHandler            0x080003e5   Thumb Code     0  startup_gd32h7xx.o(.text)
    TIMER0_BRK_IRQHandler                    0x080003e5   Thumb Code     0  startup_gd32h7xx.o(.text)
    TIMER0_Channel_IRQHandler                0x080003e5   Thumb Code     0  startup_gd32h7xx.o(.text)
    TIMER0_DEC_IRQHandler                    0x080003e5   Thumb Code     0  startup_gd32h7xx.o(.text)
    TIMER0_TRG_CMT_IRQHandler                0x080003e5   Thumb Code     0  startup_gd32h7xx.o(.text)
    TIMER0_UP_IRQHandler                     0x080003e5   Thumb Code     0  startup_gd32h7xx.o(.text)
    TIMER14_IRQHandler                       0x080003e5   Thumb Code     0  startup_gd32h7xx.o(.text)
    TIMER15_IRQHandler                       0x080003e5   Thumb Code     0  startup_gd32h7xx.o(.text)
    TIMER16_IRQHandler                       0x080003e5   Thumb Code     0  startup_gd32h7xx.o(.text)
    TIMER1_DEC_IRQHandler                    0x080003e5   Thumb Code     0  startup_gd32h7xx.o(.text)
    TIMER1_IRQHandler                        0x080003e5   Thumb Code     0  startup_gd32h7xx.o(.text)
    TIMER22_DEC_IRQHandler                   0x080003e5   Thumb Code     0  startup_gd32h7xx.o(.text)
    TIMER22_IRQHandler                       0x080003e5   Thumb Code     0  startup_gd32h7xx.o(.text)
    TIMER23_DEC_IRQHandler                   0x080003e5   Thumb Code     0  startup_gd32h7xx.o(.text)
    TIMER23_IRQHandler                       0x080003e5   Thumb Code     0  startup_gd32h7xx.o(.text)
    TIMER2_DEC_IRQHandler                    0x080003e5   Thumb Code     0  startup_gd32h7xx.o(.text)
    TIMER2_IRQHandler                        0x080003e5   Thumb Code     0  startup_gd32h7xx.o(.text)
    TIMER30_DEC_IRQHandler                   0x080003e5   Thumb Code     0  startup_gd32h7xx.o(.text)
    TIMER30_IRQHandler                       0x080003e5   Thumb Code     0  startup_gd32h7xx.o(.text)
    TIMER31_DEC_IRQHandler                   0x080003e5   Thumb Code     0  startup_gd32h7xx.o(.text)
    TIMER31_IRQHandler                       0x080003e5   Thumb Code     0  startup_gd32h7xx.o(.text)
    TIMER3_DEC_IRQHandler                    0x080003e5   Thumb Code     0  startup_gd32h7xx.o(.text)
    TIMER3_IRQHandler                        0x080003e5   Thumb Code     0  startup_gd32h7xx.o(.text)
    TIMER40_IRQHandler                       0x080003e5   Thumb Code     0  startup_gd32h7xx.o(.text)
    TIMER41_IRQHandler                       0x080003e5   Thumb Code     0  startup_gd32h7xx.o(.text)
    TIMER42_IRQHandler                       0x080003e5   Thumb Code     0  startup_gd32h7xx.o(.text)
    TIMER43_IRQHandler                       0x080003e5   Thumb Code     0  startup_gd32h7xx.o(.text)
    TIMER44_IRQHandler                       0x080003e5   Thumb Code     0  startup_gd32h7xx.o(.text)
    TIMER4_DEC_IRQHandler                    0x080003e5   Thumb Code     0  startup_gd32h7xx.o(.text)
    TIMER4_IRQHandler                        0x080003e5   Thumb Code     0  startup_gd32h7xx.o(.text)
    TIMER50_IRQHandler                       0x080003e5   Thumb Code     0  startup_gd32h7xx.o(.text)
    TIMER51_IRQHandler                       0x080003e5   Thumb Code     0  startup_gd32h7xx.o(.text)
    TIMER5_DAC_UDR_IRQHandler                0x080003e5   Thumb Code     0  startup_gd32h7xx.o(.text)
    TIMER6_IRQHandler                        0x080003e5   Thumb Code     0  startup_gd32h7xx.o(.text)
    TIMER7_BRK_IRQHandler                    0x080003e5   Thumb Code     0  startup_gd32h7xx.o(.text)
    TIMER7_Channel_IRQHandler                0x080003e5   Thumb Code     0  startup_gd32h7xx.o(.text)
    TIMER7_DEC_IRQHandler                    0x080003e5   Thumb Code     0  startup_gd32h7xx.o(.text)
    TIMER7_TRG_CMT_IRQHandler                0x080003e5   Thumb Code     0  startup_gd32h7xx.o(.text)
    TIMER7_UP_IRQHandler                     0x080003e5   Thumb Code     0  startup_gd32h7xx.o(.text)
    TLI_ER_IRQHandler                        0x080003e5   Thumb Code     0  startup_gd32h7xx.o(.text)
    TLI_IRQHandler                           0x080003e5   Thumb Code     0  startup_gd32h7xx.o(.text)
    TMU_IRQHandler                           0x080003e5   Thumb Code     0  startup_gd32h7xx.o(.text)
    UART3_IRQHandler                         0x080003e5   Thumb Code     0  startup_gd32h7xx.o(.text)
    UART4_IRQHandler                         0x080003e5   Thumb Code     0  startup_gd32h7xx.o(.text)
    UART6_IRQHandler                         0x080003e5   Thumb Code     0  startup_gd32h7xx.o(.text)
    UART7_IRQHandler                         0x080003e5   Thumb Code     0  startup_gd32h7xx.o(.text)
    USART1_IRQHandler                        0x080003e5   Thumb Code     0  startup_gd32h7xx.o(.text)
    USART2_IRQHandler                        0x080003e5   Thumb Code     0  startup_gd32h7xx.o(.text)
    USART5_IRQHandler                        0x080003e5   Thumb Code     0  startup_gd32h7xx.o(.text)
    USBHS0_EP1_IN_IRQHandler                 0x080003e5   Thumb Code     0  startup_gd32h7xx.o(.text)
    USBHS0_EP1_OUT_IRQHandler                0x080003e5   Thumb Code     0  startup_gd32h7xx.o(.text)
    USBHS0_IRQHandler                        0x080003e5   Thumb Code     0  startup_gd32h7xx.o(.text)
    USBHS0_WKUP_IRQHandler                   0x080003e5   Thumb Code     0  startup_gd32h7xx.o(.text)
    USBHS1_EP1_IN_IRQHandler                 0x080003e5   Thumb Code     0  startup_gd32h7xx.o(.text)
    USBHS1_EP1_OUT_IRQHandler                0x080003e5   Thumb Code     0  startup_gd32h7xx.o(.text)
    USBHS1_IRQHandler                        0x080003e5   Thumb Code     0  startup_gd32h7xx.o(.text)
    USBHS1_WKUP_IRQHandler                   0x080003e5   Thumb Code     0  startup_gd32h7xx.o(.text)
    VAVD_LVD_VOVD_IRQHandler                 0x080003e5   Thumb Code     0  startup_gd32h7xx.o(.text)
    WWDGT_IRQHandler                         0x080003e5   Thumb Code     0  startup_gd32h7xx.o(.text)
    __aeabi_uldivmod                         0x080003f5   Thumb Code    98  uldiv.o(.text)
    __aeabi_memcpy                           0x08000457   Thumb Code    36  memcpya.o(.text)
    __aeabi_memcpy4                          0x08000457   Thumb Code     0  memcpya.o(.text)
    __aeabi_memcpy8                          0x08000457   Thumb Code     0  memcpya.o(.text)
    __aeabi_memset                           0x0800047b   Thumb Code    14  memseta.o(.text)
    __aeabi_memset4                          0x0800047b   Thumb Code     0  memseta.o(.text)
    __aeabi_memset8                          0x0800047b   Thumb Code     0  memseta.o(.text)
    __aeabi_memclr                           0x08000489   Thumb Code     4  memseta.o(.text)
    __aeabi_memclr4                          0x08000489   Thumb Code     0  memseta.o(.text)
    __aeabi_memclr8                          0x08000489   Thumb Code     0  memseta.o(.text)
    _memset$wrapper                          0x0800048d   Thumb Code    18  memseta.o(.text)
    strlen                                   0x0800049f   Thumb Code    14  strlen.o(.text)
    strcpy                                   0x080004ad   Thumb Code    18  strcpy.o(.text)
    strerror                                 0x080004c1   Thumb Code    40  strerror.o(.text)
    __aeabi_uidiv                            0x080005a5   Thumb Code     0  uidiv.o(.text)
    __aeabi_uidivmod                         0x080005a5   Thumb Code    44  uidiv.o(.text)
    __aeabi_llsl                             0x080005d1   Thumb Code    30  llshl.o(.text)
    _ll_shift_l                              0x080005d1   Thumb Code     0  llshl.o(.text)
    __aeabi_llsr                             0x080005ef   Thumb Code    32  llushr.o(.text)
    _ll_ushift_r                             0x080005ef   Thumb Code     0  llushr.o(.text)
    __I$use$fp                               0x0800060f   Thumb Code     0  iusefp.o(.text)
    __aeabi_dadd                             0x0800060f   Thumb Code   322  dadd.o(.text)
    __aeabi_dsub                             0x08000751   Thumb Code     6  dadd.o(.text)
    __aeabi_drsub                            0x08000757   Thumb Code     6  dadd.o(.text)
    __aeabi_dmul                             0x0800075d   Thumb Code   228  dmul.o(.text)
    __aeabi_ddiv                             0x08000841   Thumb Code   222  ddiv.o(.text)
    __aeabi_d2ulz                            0x0800091f   Thumb Code    48  dfixul.o(.text)
    __aeabi_cdrcmple                         0x08000951   Thumb Code    48  cdrcmple.o(.text)
    __scatterload                            0x08000981   Thumb Code    28  init.o(.text)
    __scatterload_rt2                        0x08000981   Thumb Code     0  init.o(.text)
    __aeabi_lasr                             0x080009a5   Thumb Code    36  llsshr.o(.text)
    _ll_sshift_r                             0x080009a5   Thumb Code     0  llsshr.o(.text)
    _double_round                            0x080009c9   Thumb Code    30  depilogue.o(.text)
    _double_epilogue                         0x080009e7   Thumb Code   156  depilogue.o(.text)
    BusFault_Handler                         0x08000a89   Thumb Code     2  gd32h7xx_it.o(.text.BusFault_Handler)
    DebugMon_Handler                         0x08000a91   Thumb Code     2  gd32h7xx_it.o(.text.DebugMon_Handler)
    FPU_IRQHandler                           0x08000a99   Thumb Code     2  gd32h7xx_it.o(.text.FPU_IRQHandler)
    FreeRTOS_Task_Create_And_Start           0x08000aa1   Thumb Code   128  app_task.o(.text.FreeRTOS_Task_Create_And_Start)
    HardFault_Handler                        0x08000b39   Thumb Code     2  gd32h7xx_it.o(.text.HardFault_Handler)
    MemManage_Handler                        0x08000b79   Thumb Code     2  gd32h7xx_it.o(.text.MemManage_Handler)
    NMI_Handler                              0x08000c21   Thumb Code     2  gd32h7xx_it.o(.text.NMI_Handler)
    PendSV_Handler                           0x08000c31   Thumb Code   100  port.o(.text.PendSV_Handler)
    SVC_Handler                              0x08000ca1   Thumb Code    36  port.o(.text.SVC_Handler)
    SysTick_Handler                          0x08000cf9   Thumb Code    18  gd32h7xx_it.o(.text.SysTick_Handler)
    SystemInit                               0x08000d11   Thumb Code   460  system_gd32h7xx.o(.text.SystemInit)
    USART0_IRQHandler                        0x08000ee1   Thumb Code    78  usart.o(.text.USART0_IRQHandler)
    UsageFault_Handler                       0x08000f31   Thumb Code     2  gd32h7xx_it.o(.text.UsageFault_Handler)
    __aeabi_assert                           0x08000f49   Thumb Code   148  retarget_io.o(.text.__aeabi_assert)
    _error_print                             0x08001009   Thumb Code    76  modbus.o(.text._error_print)
    _modbus_init_common                      0x08001069   Thumb Code    38  modbus.o(.text._modbus_init_common)
    _modbus_receive_msg                      0x08001091   Thumb Code   424  modbus.o(.text._modbus_receive_msg)
    abort                                    0x08001611   Thumb Code     2  retarget_io.o(.text.abort)
    cache_enable                             0x08001619   Thumb Code   138  main.o(.text.cache_enable)
    debug_usart_init                         0x08001811   Thumb Code   164  usart.o(.text.debug_usart_init)
    dma_channel_disable                      0x080018b9   Thumb Code    18  gd32h7xx_dma.o(.text.dma_channel_disable)
    dma_channel_enable                       0x080018d1   Thumb Code    18  gd32h7xx_dma.o(.text.dma_channel_enable)
    dma_deinit                               0x080018e9   Thumb Code    88  gd32h7xx_dma.o(.text.dma_deinit)
    dma_flag_clear                           0x08001941   Thumb Code    40  gd32h7xx_dma.o(.text.dma_flag_clear)
    dma_flag_get                             0x08001969   Thumb Code    56  gd32h7xx_dma.o(.text.dma_flag_get)
    dma_memory_address_config                0x080019a1   Thumb Code    22  gd32h7xx_dma.o(.text.dma_memory_address_config)
    dma_single_data_mode_init                0x080019b9   Thumb Code   228  gd32h7xx_dma.o(.text.dma_single_data_mode_init)
    dma_transfer_number_config               0x08001aa1   Thumb Code    12  gd32h7xx_dma.o(.text.dma_transfer_number_config)
    fputc                                    0x08001ab1   Thumb Code    38  main.o(.text.fputc)
    gd_bsp_init                              0x08001ad9   Thumb Code    12  bsp.o(.text.gd_bsp_init)
    gpio_af_set                              0x08001ae9   Thumb Code   108  gd32h7xx_gpio.o(.text.gpio_af_set)
    gpio_bit_reset                           0x08001b59   Thumb Code     4  gd32h7xx_gpio.o(.text.gpio_bit_reset)
    gpio_bit_toggle                          0x08001b61   Thumb Code     4  gd32h7xx_gpio.o(.text.gpio_bit_toggle)
    gpio_mode_set                            0x08001b69   Thumb Code    82  gd32h7xx_gpio.o(.text.gpio_mode_set)
    gpio_output_options_set                  0x08001bc1   Thumb Code    72  gd32h7xx_gpio.o(.text.gpio_output_options_set)
    irq_init                                 0x08001c09   Thumb Code    22  main.o(.text.irq_init)
    main                                     0x08001c21   Thumb Code    36  main.o(.text.main)
    modbus_close                             0x08001c49   Thumb Code    20  modbus.o(.text.modbus_close)
    modbus_connect                           0x08001c61   Thumb Code    26  modbus.o(.text.modbus_connect)
    modbus_flush                             0x08001c81   Thumb Code    52  modbus.o(.text.modbus_flush)
    modbus_free                              0x08001cc9   Thumb Code    20  modbus.o(.text.modbus_free)
    modbus_mapping_new                       0x08001ce1   Thumb Code    32  modbus.o(.text.modbus_mapping_new)
    modbus_mapping_new_start_address         0x08001d01   Thumb Code   196  modbus.o(.text.modbus_mapping_new_start_address)
    modbus_new_rtu                           0x08001dc9   Thumb Code   264  modbus-rtu.o(.text.modbus_new_rtu)
    modbus_receive                           0x08001f19   Thumb Code    26  modbus.o(.text.modbus_receive)
    modbus_reply                             0x08001f39   Thumb Code  1612  modbus.o(.text.modbus_reply)
    modbus_set_bits_from_bytes               0x08002609   Thumb Code    74  modbus-data.o(.text.modbus_set_bits_from_bytes)
    modbus_set_byte_timeout                  0x08002659   Thumb Code    38  modbus.o(.text.modbus_set_byte_timeout)
    modbus_set_debug                         0x08002681   Thumb Code    24  modbus.o(.text.modbus_set_debug)
    modbus_set_response_timeout              0x08002699   Thumb Code    44  modbus.o(.text.modbus_set_response_timeout)
    modbus_set_slave                         0x080026c9   Thumb Code    26  modbus.o(.text.modbus_set_slave)
    modbus_strerror                          0x080026e9   Thumb Code    50  modbus.o(.text.modbus_strerror)
    modbus_usart_disable                     0x08002721   Thumb Code    26  usart.o(.text.modbus_usart_disable)
    modbus_usart_dma_transmit                0x08002741   Thumb Code    96  usart.o(.text.modbus_usart_dma_transmit)
    modbus_usart_enable                      0x080027a1   Thumb Code    26  usart.o(.text.modbus_usart_enable)
    modbus_usart_init                        0x080027c1   Thumb Code   240  usart.o(.text.modbus_usart_init)
    nvic_irq_enable                          0x08002919   Thumb Code   104  gd32h7xx_misc.o(.text.nvic_irq_enable)
    nvic_priority_group_set                  0x08002981   Thumb Code    20  gd32h7xx_misc.o(.text.nvic_priority_group_set)
    nvic_vector_table_set                    0x08002999   Thumb Code    28  gd32h7xx_misc.o(.text.nvic_vector_table_set)
    periph_clk_init                          0x080029b9   Thumb Code    12  main.o(.text.periph_clk_init)
    pvPortMalloc                             0x080033c1   Thumb Code   472  heap_4.o(.text.pvPortMalloc)
    pxPortInitialiseStack                    0x08003599   Thumb Code    44  port.o(.text.pxPortInitialiseStack)
    rcu_clock_freq_get                       0x080035c9   Thumb Code  1540  gd32h7xx_rcu.o(.text.rcu_clock_freq_get)
    rcu_irc64mdiv_freq_get                   0x08003be9   Thumb Code    94  gd32h7xx_rcu.o(.text.rcu_irc64mdiv_freq_get)
    rcu_periph_clock_enable                  0x08003c49   Thumb Code    28  gd32h7xx_rcu.o(.text.rcu_periph_clock_enable)
    rcu_periph_reset_disable                 0x08003c69   Thumb Code    30  gd32h7xx_rcu.o(.text.rcu_periph_reset_disable)
    rcu_periph_reset_enable                  0x08003c89   Thumb Code    28  gd32h7xx_rcu.o(.text.rcu_periph_reset_enable)
    systick_config                           0x08003f91   Thumb Code    42  systick.o(.text.systick_config)
    usart_baudrate_set                       0x08003fc1   Thumb Code   204  gd32h7xx_usart.o(.text.usart_baudrate_set)
    usart_data_receive                       0x08004091   Thumb Code     8  gd32h7xx_usart.o(.text.usart_data_receive)
    usart_data_transmit                      0x08004099   Thumb Code     8  gd32h7xx_usart.o(.text.usart_data_transmit)
    usart_deinit                             0x080040a1   Thumb Code   194  gd32h7xx_usart.o(.text.usart_deinit)
    usart_disable                            0x08004169   Thumb Code    10  gd32h7xx_usart.o(.text.usart_disable)
    usart_dma_transmit_config                0x08004179   Thumb Code    12  gd32h7xx_usart.o(.text.usart_dma_transmit_config)
    usart_enable                             0x08004189   Thumb Code    10  gd32h7xx_usart.o(.text.usart_enable)
    usart_flag_get                           0x08004199   Thumb Code    16  gd32h7xx_usart.o(.text.usart_flag_get)
    usart_interrupt_disable                  0x080041a9   Thumb Code    22  gd32h7xx_usart.o(.text.usart_interrupt_disable)
    usart_interrupt_enable                   0x080041c1   Thumb Code    20  gd32h7xx_usart.o(.text.usart_interrupt_enable)
    usart_interrupt_flag_clear               0x080041d9   Thumb Code    96  gd32h7xx_usart.o(.text.usart_interrupt_flag_clear)
    usart_interrupt_flag_get                 0x08004239   Thumb Code    32  gd32h7xx_usart.o(.text.usart_interrupt_flag_get)
    usart_parity_config                      0x08004259   Thumb Code    24  gd32h7xx_usart.o(.text.usart_parity_config)
    usart_receive_config                     0x08004271   Thumb Code    16  gd32h7xx_usart.o(.text.usart_receive_config)
    usart_stop_bit_set                       0x08004281   Thumb Code    24  gd32h7xx_usart.o(.text.usart_stop_bit_set)
    usart_transmit_config                    0x08004299   Thumb Code    16  gd32h7xx_usart.o(.text.usart_transmit_config)
    usart_word_length_set                    0x080042a9   Thumb Code    24  gd32h7xx_usart.o(.text.usart_word_length_set)
    uxListRemove                             0x080042c1   Thumb Code    40  list.o(.text.uxListRemove)
    uxTaskGetNumberOfTasks                   0x080042e9   Thumb Code    12  tasks.o(.text.uxTaskGetNumberOfTasks)
    vListInitialise                          0x080042f9   Thumb Code    22  list.o(.text.vListInitialise)
    vListInitialiseItem                      0x08004311   Thumb Code     6  list.o(.text.vListInitialiseItem)
    vListInsert                              0x08004319   Thumb Code    60  list.o(.text.vListInsert)
    vPortEnterCritical                       0x08004371   Thumb Code    82  port.o(.text.vPortEnterCritical)
    vPortExitCritical                        0x080043c9   Thumb Code    50  port.o(.text.vPortExitCritical)
    vPortFree                                0x08004401   Thumb Code   188  heap_4.o(.text.vPortFree)
    vPortSetupTimerInterrupt                 0x080044c1   Thumb Code    52  port.o(.text.vPortSetupTimerInterrupt)
    vPortValidateInterruptPriority           0x080044f9   Thumb Code   106  port.o(.text.vPortValidateInterruptPriority)
    vQueueWaitForMessageRestricted           0x08004569   Thumb Code    68  queue.o(.text.vQueueWaitForMessageRestricted)
    vTaskDelay                               0x080045b1   Thumb Code    90  tasks.o(.text.vTaskDelay)
    vTaskInternalSetTimeOutState             0x08004611   Thumb Code    26  tasks.o(.text.vTaskInternalSetTimeOutState)
    vTaskMissedYield                         0x08004631   Thumb Code    14  tasks.o(.text.vTaskMissedYield)
    vTaskPlaceOnEventList                    0x08004641   Thumb Code    54  tasks.o(.text.vTaskPlaceOnEventList)
    vTaskPlaceOnEventListRestricted          0x08004679   Thumb Code   106  tasks.o(.text.vTaskPlaceOnEventListRestricted)
    vTaskStartScheduler                      0x080046e9   Thumb Code   118  tasks.o(.text.vTaskStartScheduler)
    vTaskSuspendAll                          0x08004761   Thumb Code    16  tasks.o(.text.vTaskSuspendAll)
    vTaskSwitchContext                       0x08004771   Thumb Code   166  tasks.o(.text.vTaskSwitchContext)
    xPortStartScheduler                      0x08004819   Thumb Code   342  port.o(.text.xPortStartScheduler)
    xPortSysTickHandler                      0x08004971   Thumb Code    50  port.o(.text.xPortSysTickHandler)
    xQueueGenericCreate                      0x080049a9   Thumb Code    80  queue.o(.text.xQueueGenericCreate)
    xQueueGenericReset                       0x080049f9   Thumb Code   178  queue.o(.text.xQueueGenericReset)
    xQueueGenericSendFromISR                 0x08004ab1   Thumb Code   296  queue.o(.text.xQueueGenericSendFromISR)
    xQueueReceive                            0x08004bd9   Thumb Code   404  queue.o(.text.xQueueReceive)
    xTaskCheckForTimeOut                     0x08004d71   Thumb Code   154  tasks.o(.text.xTaskCheckForTimeOut)
    xTaskCreate                              0x08004e11   Thumb Code    36  tasks.o(.text.xTaskCreate)
    xTaskGetSchedulerState                   0x08004e39   Thumb Code    36  tasks.o(.text.xTaskGetSchedulerState)
    xTaskGetTickCount                        0x08004e61   Thumb Code    24  tasks.o(.text.xTaskGetTickCount)
    xTaskIncrementTick                       0x08004e79   Thumb Code   434  tasks.o(.text.xTaskIncrementTick)
    xTaskPriorityDisinherit                  0x08005031   Thumb Code   174  tasks.o(.text.xTaskPriorityDisinherit)
    xTaskRemoveFromEventList                 0x080050e1   Thumb Code   244  tasks.o(.text.xTaskRemoveFromEventList)
    xTaskResumeAll                           0x080051d9   Thumb Code   374  tasks.o(.text.xTaskResumeAll)
    xTimerCreateTimerTask                    0x08005351   Thumb Code    92  timers.o(.text.xTimerCreateTimerTask)
    __0fprintf                               0x080053b5   Thumb Code    22  printfa.o(i.__0fprintf)
    __1fprintf                               0x080053b5   Thumb Code     0  printfa.o(i.__0fprintf)
    __2fprintf                               0x080053b5   Thumb Code     0  printfa.o(i.__0fprintf)
    __c89fprintf                             0x080053b5   Thumb Code     0  printfa.o(i.__0fprintf)
    fprintf                                  0x080053b5   Thumb Code     0  printfa.o(i.__0fprintf)
    __0printf                                0x080053d1   Thumb Code    22  printfa.o(i.__0printf)
    __1printf                                0x080053d1   Thumb Code     0  printfa.o(i.__0printf)
    __2printf                                0x080053d1   Thumb Code     0  printfa.o(i.__0printf)
    __c89printf                              0x080053d1   Thumb Code     0  printfa.o(i.__0printf)
    printf                                   0x080053d1   Thumb Code     0  printfa.o(i.__0printf)
    __0vfprintf                              0x080053f1   Thumb Code    20  printfa.o(i.__0vfprintf)
    __1vfprintf                              0x080053f1   Thumb Code     0  printfa.o(i.__0vfprintf)
    __2vfprintf                              0x080053f1   Thumb Code     0  printfa.o(i.__0vfprintf)
    __c89vfprintf                            0x080053f1   Thumb Code     0  printfa.o(i.__0vfprintf)
    vfprintf                                 0x080053f1   Thumb Code     0  printfa.o(i.__0vfprintf)
    __aeabi_errno_addr                       0x08005409   Thumb Code     4  errno.o(i.__aeabi_errno_addr)
    __rt_errno_addr                          0x08005409   Thumb Code     0  errno.o(i.__aeabi_errno_addr)
    __scatterload_copy                       0x08005411   Thumb Code    14  handlers.o(i.__scatterload_copy)
    __scatterload_null                       0x0800541f   Thumb Code     2  handlers.o(i.__scatterload_null)
    __scatterload_zeroinit                   0x08005421   Thumb Code    14  handlers.o(i.__scatterload_zeroinit)
    fputs                                    0x08005ce3   Thumb Code    24  fputs.o(i.fputs)
    fwrite                                   0x08005cfb   Thumb Code    36  fwrite.o(i.fwrite)
    putchar                                  0x08005d21   Thumb Code     6  putchar.o(i.putchar)
    puts                                     0x08005d2d   Thumb Code    30  puts.o(i.puts)
    _modbus_rtu_backend                      0x08005d94   Data          80  modbus-rtu.o(.rodata._modbus_rtu_backend)
    Region$$Table$$Base                      0x08006440   Number         0  anon$$obj.o(Region$$Table)
    Region$$Table$$Limit                     0x08006460   Number         0  anon$$obj.o(Region$$Table)
    Image$$RW_IRAM1$$RW$$Base                0x24000000   Number         0  anon$$obj.o ABSOLUTE
    __stderr                                 0x24000000   Data           4  stderr.o(.data)
    __stdout                                 0x24000008   Data           4  stdout.o(.data)
    SystemCoreClock                          0x2400000c   Data           4  system_gd32h7xx.o(.data.SystemCoreClock)
    Modbus_Recv_Buf                          0x2400001c   Data           4  app_task.o(.bss.Modbus_Recv_Buf)
    pxCurrentTCB                             0x24000028   Data           4  tasks.o(.bss.pxCurrentTCB)
    __initial_sp                             0x240091c8   Data           0  startup_gd32h7xx.o(STACK)
    rxdesc_tab                               0x30000000   Data          80  gd32h7xx_enet.o(.ARM.__at_0x30000000)
    txdesc_tab                               0x30000160   Data          80  gd32h7xx_enet.o(.ARM.__at_0x30000160)
    rx_buff                                  0x30000300   Data        7620  gd32h7xx_enet.o(.ARM.__at_0x30000300)
    tx_buff                                  0x30002100   Data        7620  gd32h7xx_enet.o(.ARM.__at_0x30002100)



==============================================================================

Memory Map of the image

  Image Entry point : 0x080003a5

  Load Region LR_IROM1 (Base: 0x08000000, Size: 0x00006478, Max: 0x003c0000, ABSOLUTE)

    Execution Region RW_IRAM2 (Exec base: 0x00000000, Load base: 0x08006478, Size: 0x00000000, Max: 0x00010000, ABSOLUTE)

    **** No section assigned to this execution region ****


    Execution Region ER_IROM1 (Exec base: 0x08000000, Load base: 0x08000000, Size: 0x00006460, Max: 0x003c0000, ABSOLUTE)

    Exec Addr    Load Addr    Size         Type   Attr      Idx    E Section Name        Object

    0x08000000   0x08000000   0x000003a4   Data   RO         4602    RESET               startup_gd32h7xx.o
    0x080003a4   0x080003a4   0x00000000   Code   RO         4629  * .ARM.Collect$$$$00000000  mc_w.l(entry.o)
    0x080003a4   0x080003a4   0x00000004   Code   RO         4929    .ARM.Collect$$$$00000001  mc_w.l(entry2.o)
    0x080003a8   0x080003a8   0x00000004   Code   RO         4932    .ARM.Collect$$$$00000004  mc_w.l(entry5.o)
    0x080003ac   0x080003ac   0x00000000   Code   RO         4934    .ARM.Collect$$$$00000008  mc_w.l(entry7b.o)
    0x080003ac   0x080003ac   0x00000000   Code   RO         4936    .ARM.Collect$$$$0000000A  mc_w.l(entry8b.o)
    0x080003ac   0x080003ac   0x00000008   Code   RO         4937    .ARM.Collect$$$$0000000B  mc_w.l(entry9a.o)
    0x080003b4   0x080003b4   0x00000000   Code   RO         4939    .ARM.Collect$$$$0000000D  mc_w.l(entry10a.o)
    0x080003b4   0x080003b4   0x00000000   Code   RO         4941    .ARM.Collect$$$$0000000F  mc_w.l(entry11a.o)
    0x080003b4   0x080003b4   0x00000004   Code   RO         4930    .ARM.Collect$$$$00002712  mc_w.l(entry2.o)
    0x080003b8   0x080003b8   0x0000003c   Code   RO         4603    .text               startup_gd32h7xx.o
    0x080003f4   0x080003f4   0x00000062   Code   RO         4647    .text               mc_w.l(uldiv.o)
    0x08000456   0x08000456   0x00000024   Code   RO         4649    .text               mc_w.l(memcpya.o)
    0x0800047a   0x0800047a   0x00000024   Code   RO         4651    .text               mc_w.l(memseta.o)
    0x0800049e   0x0800049e   0x0000000e   Code   RO         4653    .text               mc_w.l(strlen.o)
    0x080004ac   0x080004ac   0x00000012   Code   RO         4655    .text               mc_w.l(strcpy.o)
    0x080004be   0x080004be   0x00000002   PAD
    0x080004c0   0x080004c0   0x000000e4   Code   RO         4657    .text               mc_w.l(strerror.o)
    0x080005a4   0x080005a4   0x0000002c   Code   RO         4953    .text               mc_w.l(uidiv.o)
    0x080005d0   0x080005d0   0x0000001e   Code   RO         4955    .text               mc_w.l(llshl.o)
    0x080005ee   0x080005ee   0x00000020   Code   RO         4957    .text               mc_w.l(llushr.o)
    0x0800060e   0x0800060e   0x00000000   Code   RO         4959    .text               mc_w.l(iusefp.o)
    0x0800060e   0x0800060e   0x0000014e   Code   RO         4960    .text               mf_w.l(dadd.o)
    0x0800075c   0x0800075c   0x000000e4   Code   RO         4962    .text               mf_w.l(dmul.o)
    0x08000840   0x08000840   0x000000de   Code   RO         4964    .text               mf_w.l(ddiv.o)
    0x0800091e   0x0800091e   0x00000030   Code   RO         4966    .text               mf_w.l(dfixul.o)
    0x0800094e   0x0800094e   0x00000002   PAD
    0x08000950   0x08000950   0x00000030   Code   RO         4968    .text               mf_w.l(cdrcmple.o)
    0x08000980   0x08000980   0x00000024   Code   RO         4970    .text               mc_w.l(init.o)
    0x080009a4   0x080009a4   0x00000024   Code   RO         4972    .text               mc_w.l(llsshr.o)
    0x080009c8   0x080009c8   0x000000ba   Code   RO         4974    .text               mf_w.l(depilogue.o)
    0x08000a82   0x08000a82   0x00000006   PAD
    0x08000a88   0x08000a88   0x00000002   Code   RO            8    .text.BusFault_Handler  gd32h7xx_it.o
    0x08000a8a   0x08000a8a   0x00000006   PAD
    0x08000a90   0x08000a90   0x00000002   Code   RO           12    .text.DebugMon_Handler  gd32h7xx_it.o
    0x08000a92   0x08000a92   0x00000006   PAD
    0x08000a98   0x08000a98   0x00000002   Code   RO           14    .text.FPU_IRQHandler  gd32h7xx_it.o
    0x08000a9a   0x08000a9a   0x00000006   PAD
    0x08000aa0   0x08000aa0   0x00000098   Code   RO           63    .text.FreeRTOS_Task_Create_And_Start  app_task.o
    0x08000b38   0x08000b38   0x00000002   Code   RO            4    .text.HardFault_Handler  gd32h7xx_it.o
    0x08000b3a   0x08000b3a   0x00000006   PAD
    0x08000b40   0x08000b40   0x00000036   Code   RO           67    .text.Led_Tsk       app_task.o
    0x08000b76   0x08000b76   0x00000002   PAD
    0x08000b78   0x08000b78   0x00000002   Code   RO            6    .text.MemManage_Handler  gd32h7xx_it.o
    0x08000b7a   0x08000b7a   0x00000006   PAD
    0x08000b80   0x08000b80   0x000000a0   Code   RO           65    .text.Modbus_Slave_Tsk  app_task.o
    0x08000c20   0x08000c20   0x00000002   Code   RO            2    .text.NMI_Handler   gd32h7xx_it.o
    0x08000c22   0x08000c22   0x0000000e   PAD
    0x08000c30   0x08000c30   0x00000064   Code   RO         4313    .text.PendSV_Handler  port.o
    0x08000c94   0x08000c94   0x0000000c   PAD
    0x08000ca0   0x08000ca0   0x00000024   Code   RO         4309    .text.SVC_Handler   port.o
    0x08000cc4   0x08000cc4   0x00000004   PAD
    0x08000cc8   0x08000cc8   0x0000002a   Code   RO           46    .text.SysTick_Config  systick.o
    0x08000cf2   0x08000cf2   0x00000006   PAD
    0x08000cf8   0x08000cf8   0x00000012   Code   RO           16    .text.SysTick_Handler  gd32h7xx_it.o
    0x08000d0a   0x08000d0a   0x00000006   PAD
    0x08000d10   0x08000d10   0x000001cc   Code   RO         4582    .text.SystemInit    system_gd32h7xx.o
    0x08000edc   0x08000edc   0x00000004   PAD
    0x08000ee0   0x08000ee0   0x0000004e   Code   RO           98    .text.USART0_IRQHandler  usart.o
    0x08000f2e   0x08000f2e   0x00000002   PAD
    0x08000f30   0x08000f30   0x00000002   Code   RO           10    .text.UsageFault_Handler  gd32h7xx_it.o
    0x08000f32   0x08000f32   0x00000006   PAD
    0x08000f38   0x08000f38   0x0000000e   Code   RO           48    .text.__NVIC_SetPriority  systick.o
    0x08000f46   0x08000f46   0x00000002   PAD
    0x08000f48   0x08000f48   0x000000bc   Code   RO         4618    .text.__aeabi_assert  retarget_io.o
    0x08001004   0x08001004   0x00000004   PAD
    0x08001008   0x08001008   0x00000060   Code   RO         4379    .text._error_print  modbus.o
    0x08001068   0x08001068   0x00000026   Code   RO         4439    .text._modbus_init_common  modbus.o
    0x0800108e   0x0800108e   0x00000002   PAD
    0x08001090   0x08001090   0x00000234   Code   RO         4389    .text._modbus_receive_msg  modbus.o
    0x080012c4   0x080012c4   0x00000004   PAD
    0x080012c8   0x080012c8   0x00000080   Code   RO         4537    .text._modbus_rtu_build_request_basis  modbus-rtu.o
    0x08001348   0x08001348   0x0000000e   Code   RO         4539    .text._modbus_rtu_build_response_basis  modbus-rtu.o
    0x08001356   0x08001356   0x00000002   PAD
    0x08001358   0x08001358   0x000000d8   Code   RO         4551    .text._modbus_rtu_check_integrity  modbus-rtu.o
    0x08001430   0x08001430   0x00000008   Code   RO         4559    .text._modbus_rtu_close  modbus-rtu.o
    0x08001438   0x08001438   0x00000010   Code   RO         4555    .text._modbus_rtu_connect  modbus-rtu.o
    0x08001448   0x08001448   0x00000024   Code   RO         4561    .text._modbus_rtu_flush  modbus-rtu.o
    0x0800146c   0x0800146c   0x00000004   PAD
    0x08001470   0x08001470   0x0000001c   Code   RO         4565    .text._modbus_rtu_free  modbus-rtu.o
    0x0800148c   0x0800148c   0x00000004   PAD
    0x08001490   0x08001490   0x00000004   Code   RO         4541    .text._modbus_rtu_get_response_tid  modbus-rtu.o
    0x08001494   0x08001494   0x00000004   PAD
    0x08001498   0x08001498   0x00000008   Code   RO         4557    .text._modbus_rtu_is_connected  modbus-rtu.o
    0x080014a0   0x080014a0   0x00000070   Code   RO         4553    .text._modbus_rtu_pre_check_confirmation  modbus-rtu.o
    0x08001510   0x08001510   0x00000058   Code   RO         4547    .text._modbus_rtu_receive  modbus-rtu.o
    0x08001568   0x08001568   0x0000001c   Code   RO         4549    .text._modbus_rtu_recv  modbus-rtu.o
    0x08001584   0x08001584   0x00000004   PAD
    0x08001588   0x08001588   0x00000004   Code   RO         4563    .text._modbus_rtu_select  modbus-rtu.o
    0x0800158c   0x0800158c   0x00000004   PAD
    0x08001590   0x08001590   0x0000000c   Code   RO         4545    .text._modbus_rtu_send  modbus-rtu.o
    0x0800159c   0x0800159c   0x00000004   PAD
    0x080015a0   0x080015a0   0x00000014   Code   RO         4543    .text._modbus_rtu_send_msg_pre  modbus-rtu.o
    0x080015b4   0x080015b4   0x00000004   PAD
    0x080015b8   0x080015b8   0x0000002a   Code   RO         4535    .text._modbus_set_slave  modbus-rtu.o
    0x080015e2   0x080015e2   0x00000006   PAD
    0x080015e8   0x080015e8   0x00000024   Code   RO         4485    .text._sleep_response_timeout  modbus.o
    0x0800160c   0x0800160c   0x00000004   PAD
    0x08001610   0x08001610   0x00000002   Code   RO         4620    .text.abort         retarget_io.o
    0x08001612   0x08001612   0x00000006   PAD
    0x08001618   0x08001618   0x0000008a   Code   RO           31    .text.cache_enable  main.o
    0x080016a2   0x080016a2   0x00000006   PAD
    0x080016a8   0x080016a8   0x00000056   Code   RO         4393    .text.compute_data_length_after_meta  modbus.o
    0x080016fe   0x080016fe   0x00000002   PAD
    0x08001700   0x08001700   0x0000004e   Code   RO         4391    .text.compute_meta_length_after_function  modbus.o
    0x0800174e   0x0800174e   0x00000002   PAD
    0x08001750   0x08001750   0x00000076   Code   RO         4405    .text.compute_response_length_from_request  modbus.o
    0x080017c6   0x080017c6   0x00000002   PAD
    0x080017c8   0x080017c8   0x00000046   Code   RO         4569    .text.crc16         modbus-rtu.o
    0x0800180e   0x0800180e   0x00000002   PAD
    0x08001810   0x08001810   0x000000a4   Code   RO          100    .text.debug_usart_init  usart.o
    0x080018b4   0x080018b4   0x00000004   PAD
    0x080018b8   0x080018b8   0x00000012   Code   RO          829    .text.dma_channel_disable  gd32h7xx_dma.o
    0x080018ca   0x080018ca   0x00000006   PAD
    0x080018d0   0x080018d0   0x00000012   Code   RO          827    .text.dma_channel_enable  gd32h7xx_dma.o
    0x080018e2   0x080018e2   0x00000006   PAD
    0x080018e8   0x080018e8   0x00000058   Code   RO          791    .text.dma_deinit    gd32h7xx_dma.o
    0x08001940   0x08001940   0x00000028   Code   RO          845    .text.dma_flag_clear  gd32h7xx_dma.o
    0x08001968   0x08001968   0x00000038   Code   RO          843    .text.dma_flag_get  gd32h7xx_dma.o
    0x080019a0   0x080019a0   0x00000016   Code   RO          803    .text.dma_memory_address_config  gd32h7xx_dma.o
    0x080019b6   0x080019b6   0x00000002   PAD
    0x080019b8   0x080019b8   0x000000e4   Code   RO          797    .text.dma_single_data_mode_init  gd32h7xx_dma.o
    0x08001a9c   0x08001a9c   0x00000004   PAD
    0x08001aa0   0x08001aa0   0x0000000c   Code   RO          805    .text.dma_transfer_number_config  gd32h7xx_dma.o
    0x08001aac   0x08001aac   0x00000004   PAD
    0x08001ab0   0x08001ab0   0x00000026   Code   RO           33    .text.fputc         main.o
    0x08001ad6   0x08001ad6   0x00000002   PAD
    0x08001ad8   0x08001ad8   0x0000000c   Code   RO           80    .text.gd_bsp_init   bsp.o
    0x08001ae4   0x08001ae4   0x00000004   PAD
    0x08001ae8   0x08001ae8   0x0000006c   Code   RO         1538    .text.gpio_af_set   gd32h7xx_gpio.o
    0x08001b54   0x08001b54   0x00000004   PAD
    0x08001b58   0x08001b58   0x00000004   Code   RO         1522    .text.gpio_bit_reset  gd32h7xx_gpio.o
    0x08001b5c   0x08001b5c   0x00000004   PAD
    0x08001b60   0x08001b60   0x00000004   Code   RO         1542    .text.gpio_bit_toggle  gd32h7xx_gpio.o
    0x08001b64   0x08001b64   0x00000004   PAD
    0x08001b68   0x08001b68   0x00000052   Code   RO         1516    .text.gpio_mode_set  gd32h7xx_gpio.o
    0x08001bba   0x08001bba   0x00000006   PAD
    0x08001bc0   0x08001bc0   0x00000048   Code   RO         1518    .text.gpio_output_options_set  gd32h7xx_gpio.o
    0x08001c08   0x08001c08   0x00000016   Code   RO           27    .text.irq_init      main.o
    0x08001c1e   0x08001c1e   0x00000002   PAD
    0x08001c20   0x08001c20   0x00000028   Code   RO           29    .text.main          main.o
    0x08001c48   0x08001c48   0x00000014   Code   RO         4471    .text.modbus_close  modbus.o
    0x08001c5c   0x08001c5c   0x00000004   PAD
    0x08001c60   0x08001c60   0x0000001a   Code   RO         4469    .text.modbus_connect  modbus.o
    0x08001c7a   0x08001c7a   0x00000006   PAD
    0x08001c80   0x08001c80   0x00000048   Code   RO         4381    .text.modbus_flush  modbus.o
    0x08001cc8   0x08001cc8   0x00000014   Code   RO         4473    .text.modbus_free   modbus.o
    0x08001cdc   0x08001cdc   0x00000004   PAD
    0x08001ce0   0x08001ce0   0x00000020   Code   RO         4479    .text.modbus_mapping_new  modbus.o
    0x08001d00   0x08001d00   0x000000c4   Code   RO         4477    .text.modbus_mapping_new_start_address  modbus.o
    0x08001dc4   0x08001dc4   0x00000004   PAD
    0x08001dc8   0x08001dc8   0x0000014c   Code   RO         4567    .text.modbus_new_rtu  modbus-rtu.o
    0x08001f14   0x08001f14   0x00000004   PAD
    0x08001f18   0x08001f18   0x0000001a   Code   RO         4395    .text.modbus_receive  modbus.o
    0x08001f32   0x08001f32   0x00000006   PAD
    0x08001f38   0x08001f38   0x000006d0   Code   RO         4399    .text.modbus_reply  modbus.o
    0x08002608   0x08002608   0x0000004a   Code   RO         4503    .text.modbus_set_bits_from_bytes  modbus-data.o
    0x08002652   0x08002652   0x00000006   PAD
    0x08002658   0x08002658   0x00000026   Code   RO         4457    .text.modbus_set_byte_timeout  modbus.o
    0x0800267e   0x0800267e   0x00000002   PAD
    0x08002680   0x08002680   0x00000018   Code   RO         4475    .text.modbus_set_debug  modbus.o
    0x08002698   0x08002698   0x0000002c   Code   RO         4453    .text.modbus_set_response_timeout  modbus.o
    0x080026c4   0x080026c4   0x00000004   PAD
    0x080026c8   0x080026c8   0x0000001a   Code   RO         4441    .text.modbus_set_slave  modbus.o
    0x080026e2   0x080026e2   0x00000006   PAD
    0x080026e8   0x080026e8   0x00000032   Code   RO         4377    .text.modbus_strerror  modbus.o
    0x0800271a   0x0800271a   0x00000006   PAD
    0x08002720   0x08002720   0x0000001a   Code   RO           94    .text.modbus_usart_disable  usart.o
    0x0800273a   0x0800273a   0x00000006   PAD
    0x08002740   0x08002740   0x00000060   Code   RO           96    .text.modbus_usart_dma_transmit  usart.o
    0x080027a0   0x080027a0   0x0000001a   Code   RO           92    .text.modbus_usart_enable  usart.o
    0x080027ba   0x080027ba   0x00000006   PAD
    0x080027c0   0x080027c0   0x00000100   Code   RO           88    .text.modbus_usart_init  usart.o
    0x080028c0   0x080028c0   0x00000058   Code   RO           90    .text.modbus_usart_tx_dma_init  usart.o
    0x08002918   0x08002918   0x00000068   Code   RO         2230    .text.nvic_irq_enable  gd32h7xx_misc.o
    0x08002980   0x08002980   0x00000014   Code   RO         2228    .text.nvic_priority_group_set  gd32h7xx_misc.o
    0x08002994   0x08002994   0x00000004   PAD
    0x08002998   0x08002998   0x0000001c   Code   RO         2234    .text.nvic_vector_table_set  gd32h7xx_misc.o
    0x080029b4   0x080029b4   0x00000004   PAD
    0x080029b8   0x080029b8   0x0000000c   Code   RO           25    .text.periph_clk_init  main.o
    0x080029c4   0x080029c4   0x00000004   PAD
    0x080029c8   0x080029c8   0x000000b2   Code   RO         4105    .text.prvAddCurrentTaskToDelayedList  tasks.o
    0x08002a7a   0x08002a7a   0x00000006   PAD
    0x08002a80   0x08002a80   0x000000ca   Code   RO         4093    .text.prvAddNewTaskToReadyList  tasks.o
    0x08002b4a   0x08002b4a   0x00000006   PAD
    0x08002b50   0x08002b50   0x0000005a   Code   RO         4240    .text.prvCheckForValidListAndQueue  timers.o
    0x08002baa   0x08002baa   0x00000006   PAD
    0x08002bb0   0x08002bb0   0x0000004e   Code   RO         4137    .text.prvCheckTasksWaitingTermination  tasks.o
    0x08002bfe   0x08002bfe   0x00000002   PAD
    0x08002c00   0x08002c00   0x00000026   Code   RO         3995    .text.prvCopyDataFromQueue  queue.o
    0x08002c26   0x08002c26   0x00000002   PAD
    0x08002c28   0x08002c28   0x0000007e   Code   RO         3983    .text.prvCopyDataToQueue  queue.o
    0x08002ca6   0x08002ca6   0x00000002   PAD
    0x08002ca8   0x08002ca8   0x00000038   Code   RO         4133    .text.prvCreateIdleTasks  tasks.o
    0x08002ce0   0x08002ce0   0x00000056   Code   RO         4091    .text.prvCreateTask  tasks.o
    0x08002d36   0x08002d36   0x00000002   PAD
    0x08002d38   0x08002d38   0x00000012   Code   RO         4099    .text.prvDeleteTCB  tasks.o
    0x08002d4a   0x08002d4a   0x00000006   PAD
    0x08002d50   0x08002d50   0x00000024   Code   RO         4274    .text.prvGetNextExpireTime  timers.o
    0x08002d74   0x08002d74   0x00000004   PAD
    0x08002d78   0x08002d78   0x0000006c   Code   RO         4344    .text.prvHeapInit   heap_4.o
    0x08002de4   0x08002de4   0x00000004   PAD
    0x08002de8   0x08002de8   0x0000002a   Code   RO         4205    .text.prvIdleTask   tasks.o
    0x08002e12   0x08002e12   0x00000006   PAD
    0x08002e18   0x08002e18   0x00000018   Code   RO         3967    .text.prvInitialiseNewQueue  queue.o
    0x08002e30   0x08002e30   0x0000008e   Code   RO         4201    .text.prvInitialiseNewTask  tasks.o
    0x08002ebe   0x08002ebe   0x00000002   PAD
    0x08002ec0   0x08002ec0   0x0000006e   Code   RO         4203    .text.prvInitialiseTaskLists  tasks.o
    0x08002f2e   0x08002f2e   0x00000002   PAD
    0x08002f30   0x08002f30   0x0000008a   Code   RO         4348    .text.prvInsertBlockIntoFreeList  heap_4.o
    0x08002fba   0x08002fba   0x00000006   PAD
    0x08002fc0   0x08002fc0   0x00000042   Code   RO         4288    .text.prvInsertTimerInActiveList  timers.o
    0x08003002   0x08003002   0x00000006   PAD
    0x08003008   0x08003008   0x00000018   Code   RO         3997    .text.prvIsQueueEmpty  queue.o
    0x08003020   0x08003020   0x00000028   Code   RO         4319    .text.prvPortStartFirstTask  port.o
    0x08003048   0x08003048   0x0000003e   Code   RO         4282    .text.prvProcessExpiredTimer  timers.o
    0x08003086   0x08003086   0x00000002   PAD
    0x08003088   0x08003088   0x00000116   Code   RO         4278    .text.prvProcessReceivedCommands  timers.o
    0x0800319e   0x0800319e   0x00000002   PAD
    0x080031a0   0x080031a0   0x00000082   Code   RO         4276    .text.prvProcessTimerOrBlockTask  timers.o
    0x08003222   0x08003222   0x00000006   PAD
    0x08003228   0x08003228   0x0000003c   Code   RO         4286    .text.prvReloadTimer  timers.o
    0x08003264   0x08003264   0x00000004   PAD
    0x08003268   0x08003268   0x00000026   Code   RO         4097    .text.prvResetNextTaskUnblockTime  tasks.o
    0x0800328e   0x0800328e   0x00000002   PAD
    0x08003290   0x08003290   0x0000002a   Code   RO         4280    .text.prvSampleTimeNow  timers.o
    0x080032ba   0x080032ba   0x00000006   PAD
    0x080032c0   0x080032c0   0x00000034   Code   RO         4284    .text.prvSwitchTimerLists  timers.o
    0x080032f4   0x080032f4   0x00000004   PAD
    0x080032f8   0x080032f8   0x00000036   Code   RO         4307    .text.prvTaskExitError  port.o
    0x0800332e   0x0800332e   0x00000002   PAD
    0x08003330   0x08003330   0x00000016   Code   RO         4242    .text.prvTimerTask  timers.o
    0x08003346   0x08003346   0x00000002   PAD
    0x08003348   0x08003348   0x00000078   Code   RO         3987    .text.prvUnlockQueue  queue.o
    0x080033c0   0x080033c0   0x000001d8   Code   RO         4342    .text.pvPortMalloc  heap_4.o
    0x08003598   0x08003598   0x0000002c   Code   RO         4305    .text.pxPortInitialiseStack  port.o
    0x080035c4   0x080035c4   0x00000004   PAD
    0x080035c8   0x080035c8   0x0000061c   Code   RO         2696    .text.rcu_clock_freq_get  gd32h7xx_rcu.o
    0x08003be4   0x08003be4   0x00000004   PAD
    0x08003be8   0x08003be8   0x0000005e   Code   RO         2628    .text.rcu_irc64mdiv_freq_get  gd32h7xx_rcu.o
    0x08003c46   0x08003c46   0x00000002   PAD
    0x08003c48   0x08003c48   0x0000001c   Code   RO         2560    .text.rcu_periph_clock_enable  gd32h7xx_rcu.o
    0x08003c64   0x08003c64   0x00000004   PAD
    0x08003c68   0x08003c68   0x0000001e   Code   RO         2570    .text.rcu_periph_reset_disable  gd32h7xx_rcu.o
    0x08003c86   0x08003c86   0x00000002   PAD
    0x08003c88   0x08003c88   0x0000001c   Code   RO         2568    .text.rcu_periph_reset_enable  gd32h7xx_rcu.o
    0x08003ca4   0x08003ca4   0x00000004   PAD
    0x08003ca8   0x08003ca8   0x0000004c   Code   RO         2698    .text.rcu_pll_clock_freq_cal  gd32h7xx_rcu.o
    0x08003cf4   0x08003cf4   0x00000004   PAD
    0x08003cf8   0x08003cf8   0x00000056   Code   RO         4401    .text.response_exception  modbus.o
    0x08003d4e   0x08003d4e   0x00000002   PAD
    0x08003d50   0x08003d50   0x00000050   Code   RO         4403    .text.response_io_status  modbus.o
    0x08003da0   0x08003da0   0x000000e4   Code   RO         4385    .text.send_msg      modbus.o
    0x08003e84   0x08003e84   0x00000004   PAD
    0x08003e88   0x08003e88   0x000000fc   Code   RO         4590    .text.system_clock_600m_hxtal  system_gd32h7xx.o
    0x08003f84   0x08003f84   0x00000004   PAD
    0x08003f88   0x08003f88   0x00000008   Code   RO         4584    .text.system_clock_config  system_gd32h7xx.o
    0x08003f90   0x08003f90   0x0000002a   Code   RO           44    .text.systick_config  systick.o
    0x08003fba   0x08003fba   0x00000006   PAD
    0x08003fc0   0x08003fc0   0x000000cc   Code   RO         3705    .text.usart_baudrate_set  gd32h7xx_usart.o
    0x0800408c   0x0800408c   0x00000004   PAD
    0x08004090   0x08004090   0x00000008   Code   RO         3741    .text.usart_data_receive  gd32h7xx_usart.o
    0x08004098   0x08004098   0x00000008   Code   RO         3739    .text.usart_data_transmit  gd32h7xx_usart.o
    0x080040a0   0x080040a0   0x000000c2   Code   RO         3703    .text.usart_deinit  gd32h7xx_usart.o
    0x08004162   0x08004162   0x00000006   PAD
    0x08004168   0x08004168   0x0000000a   Code   RO         3715    .text.usart_disable  gd32h7xx_usart.o
    0x08004172   0x08004172   0x00000006   PAD
    0x08004178   0x08004178   0x0000000c   Code   RO         3827    .text.usart_dma_transmit_config  gd32h7xx_usart.o
    0x08004184   0x08004184   0x00000004   PAD
    0x08004188   0x08004188   0x0000000a   Code   RO         3713    .text.usart_enable  gd32h7xx_usart.o
    0x08004192   0x08004192   0x00000006   PAD
    0x08004198   0x08004198   0x00000010   Code   RO         3849    .text.usart_flag_get  gd32h7xx_usart.o
    0x080041a8   0x080041a8   0x00000016   Code   RO         3855    .text.usart_interrupt_disable  gd32h7xx_usart.o
    0x080041be   0x080041be   0x00000002   PAD
    0x080041c0   0x080041c0   0x00000014   Code   RO         3853    .text.usart_interrupt_enable  gd32h7xx_usart.o
    0x080041d4   0x080041d4   0x00000004   PAD
    0x080041d8   0x080041d8   0x00000060   Code   RO         3859    .text.usart_interrupt_flag_clear  gd32h7xx_usart.o
    0x08004238   0x08004238   0x00000020   Code   RO         3857    .text.usart_interrupt_flag_get  gd32h7xx_usart.o
    0x08004258   0x08004258   0x00000018   Code   RO         3707    .text.usart_parity_config  gd32h7xx_usart.o
    0x08004270   0x08004270   0x00000010   Code   RO         3719    .text.usart_receive_config  gd32h7xx_usart.o
    0x08004280   0x08004280   0x00000018   Code   RO         3711    .text.usart_stop_bit_set  gd32h7xx_usart.o
    0x08004298   0x08004298   0x00000010   Code   RO         3717    .text.usart_transmit_config  gd32h7xx_usart.o
    0x080042a8   0x080042a8   0x00000018   Code   RO         3709    .text.usart_word_length_set  gd32h7xx_usart.o
    0x080042c0   0x080042c0   0x00000028   Code   RO         3953    .text.uxListRemove  list.o
    0x080042e8   0x080042e8   0x0000000c   Code   RO         4145    .text.uxTaskGetNumberOfTasks  tasks.o
    0x080042f4   0x080042f4   0x00000004   PAD
    0x080042f8   0x080042f8   0x00000016   Code   RO         3945    .text.vListInitialise  list.o
    0x0800430e   0x0800430e   0x00000002   PAD
    0x08004310   0x08004310   0x00000006   Code   RO         3947    .text.vListInitialiseItem  list.o
    0x08004316   0x08004316   0x00000002   PAD
    0x08004318   0x08004318   0x0000003c   Code   RO         3951    .text.vListInsert   list.o
    0x08004354   0x08004354   0x00000004   PAD
    0x08004358   0x08004358   0x00000014   Code   RO         4317    .text.vPortEnableVFP  port.o
    0x0800436c   0x0800436c   0x00000004   PAD
    0x08004370   0x08004370   0x00000052   Code   RO         4323    .text.vPortEnterCritical  port.o
    0x080043c2   0x080043c2   0x00000006   PAD
    0x080043c8   0x080043c8   0x00000032   Code   RO         4325    .text.vPortExitCritical  port.o
    0x080043fa   0x080043fa   0x00000006   PAD
    0x08004400   0x08004400   0x000000bc   Code   RO         4346    .text.vPortFree     heap_4.o
    0x080044bc   0x080044bc   0x00000004   PAD
    0x080044c0   0x080044c0   0x00000034   Code   RO         4315    .text.vPortSetupTimerInterrupt  port.o
    0x080044f4   0x080044f4   0x00000004   PAD
    0x080044f8   0x080044f8   0x0000006a   Code   RO         4329    .text.vPortValidateInterruptPriority  port.o
    0x08004562   0x08004562   0x00000006   PAD
    0x08004568   0x08004568   0x00000044   Code   RO         4023    .text.vQueueWaitForMessageRestricted  queue.o
    0x080045ac   0x080045ac   0x00000004   PAD
    0x080045b0   0x080045b0   0x0000005a   Code   RO         4109    .text.vTaskDelay    tasks.o
    0x0800460a   0x0800460a   0x00000006   PAD
    0x08004610   0x08004610   0x0000001a   Code   RO         4163    .text.vTaskInternalSetTimeOutState  tasks.o
    0x0800462a   0x0800462a   0x00000006   PAD
    0x08004630   0x08004630   0x0000000e   Code   RO         4167    .text.vTaskMissedYield  tasks.o
    0x0800463e   0x0800463e   0x00000002   PAD
    0x08004640   0x08004640   0x00000036   Code   RO         4151    .text.vTaskPlaceOnEventList  tasks.o
    0x08004676   0x08004676   0x00000002   PAD
    0x08004678   0x08004678   0x0000006a   Code   RO         4155    .text.vTaskPlaceOnEventListRestricted  tasks.o
    0x080046e2   0x080046e2   0x00000006   PAD
    0x080046e8   0x080046e8   0x00000076   Code   RO         4131    .text.vTaskStartScheduler  tasks.o
    0x0800475e   0x0800475e   0x00000002   PAD
    0x08004760   0x08004760   0x00000010   Code   RO         4103    .text.vTaskSuspendAll  tasks.o
    0x08004770   0x08004770   0x000000a6   Code   RO         4123    .text.vTaskSwitchContext  tasks.o
    0x08004816   0x08004816   0x00000002   PAD
    0x08004818   0x08004818   0x00000156   Code   RO         4311    .text.xPortStartScheduler  port.o
    0x0800496e   0x0800496e   0x00000002   PAD
    0x08004970   0x08004970   0x00000032   Code   RO         4327    .text.xPortSysTickHandler  port.o
    0x080049a2   0x080049a2   0x00000006   PAD
    0x080049a8   0x080049a8   0x00000050   Code   RO         3965    .text.xQueueGenericCreate  queue.o
    0x080049f8   0x080049f8   0x000000b2   Code   RO         3963    .text.xQueueGenericReset  queue.o
    0x08004aaa   0x08004aaa   0x00000006   PAD
    0x08004ab0   0x08004ab0   0x00000128   Code   RO         3989    .text.xQueueGenericSendFromISR  queue.o
    0x08004bd8   0x08004bd8   0x00000194   Code   RO         3993    .text.xQueueReceive  queue.o
    0x08004d6c   0x08004d6c   0x00000004   PAD
    0x08004d70   0x08004d70   0x0000009a   Code   RO         4165    .text.xTaskCheckForTimeOut  tasks.o
    0x08004e0a   0x08004e0a   0x00000006   PAD
    0x08004e10   0x08004e10   0x00000024   Code   RO         4089    .text.xTaskCreate   tasks.o
    0x08004e34   0x08004e34   0x00000004   PAD
    0x08004e38   0x08004e38   0x00000024   Code   RO         4173    .text.xTaskGetSchedulerState  tasks.o
    0x08004e5c   0x08004e5c   0x00000004   PAD
    0x08004e60   0x08004e60   0x00000018   Code   RO         4141    .text.xTaskGetTickCount  tasks.o
    0x08004e78   0x08004e78   0x000001b2   Code   RO         4139    .text.xTaskIncrementTick  tasks.o
    0x0800502a   0x0800502a   0x00000006   PAD
    0x08005030   0x08005030   0x000000ae   Code   RO         4177    .text.xTaskPriorityDisinherit  tasks.o
    0x080050de   0x080050de   0x00000002   PAD
    0x080050e0   0x080050e0   0x000000f4   Code   RO         4157    .text.xTaskRemoveFromEventList  tasks.o
    0x080051d4   0x080051d4   0x00000004   PAD
    0x080051d8   0x080051d8   0x00000176   Code   RO         4107    .text.xTaskResumeAll  tasks.o
    0x0800534e   0x0800534e   0x00000002   PAD
    0x08005350   0x08005350   0x00000064   Code   RO         4238    .text.xTimerCreateTimerTask  timers.o
    0x080053b4   0x080053b4   0x0000001c   Code   RO         4893    i.__0fprintf        mc_w.l(printfa.o)
    0x080053d0   0x080053d0   0x00000020   Code   RO         4894    i.__0printf         mc_w.l(printfa.o)
    0x080053f0   0x080053f0   0x00000018   Code   RO         4897    i.__0vfprintf       mc_w.l(printfa.o)
    0x08005408   0x08005408   0x00000008   Code   RO         4922    i.__aeabi_errno_addr  mc_w.l(errno.o)
    0x08005410   0x08005410   0x0000000e   Code   RO         4978    i.__scatterload_copy  mc_w.l(handlers.o)
    0x0800541e   0x0800541e   0x00000002   Code   RO         4979    i.__scatterload_null  mc_w.l(handlers.o)
    0x08005420   0x08005420   0x0000000e   Code   RO         4980    i.__scatterload_zeroinit  mc_w.l(handlers.o)
    0x0800542e   0x0800542e   0x00000002   PAD
    0x08005430   0x08005430   0x00000184   Code   RO         4901    i._fp_digits        mc_w.l(printfa.o)
    0x080055b4   0x080055b4   0x000006dc   Code   RO         4902    i._printf_core      mc_w.l(printfa.o)
    0x08005c90   0x08005c90   0x00000024   Code   RO         4903    i._printf_post_padding  mc_w.l(printfa.o)
    0x08005cb4   0x08005cb4   0x0000002e   Code   RO         4904    i._printf_pre_padding  mc_w.l(printfa.o)
    0x08005ce2   0x08005ce2   0x00000018   Code   RO         4632    i.fputs             mc_w.l(fputs.o)
    0x08005cfa   0x08005cfa   0x00000024   Code   RO         4636    i.fwrite            mc_w.l(fwrite.o)
    0x08005d1e   0x08005d1e   0x00000002   PAD
    0x08005d20   0x08005d20   0x0000000c   Code   RO         4638    i.putchar           mc_w.l(putchar.o)
    0x08005d2c   0x08005d2c   0x00000024   Code   RO         4634    i.puts              mc_w.l(puts.o)
    0x08005d50   0x08005d50   0x00000044   Data   RO         4492    .rodata..Lswitch.table.modbus_strerror  modbus.o
    0x08005d94   0x08005d94   0x00000050   Data   RO         4571    .rodata._modbus_rtu_backend  modbus-rtu.o
    0x08005de4   0x08005de4   0x0000043f   Data   RO         4490    .rodata.str1.1      modbus.o
    0x08006223   0x08006223   0x00000001   PAD
    0x08006224   0x08006224   0x00000017   Data   RO         4491    .rodata.str1.4      modbus.o
    0x0800623b   0x0800623b   0x00000100   Data   RO         4572    .rodata.table_crc_hi  modbus-rtu.o
    0x0800633b   0x0800633b   0x00000100   Data   RO         4573    .rodata.table_crc_lo  modbus-rtu.o
    0x0800643b   0x0800643b   0x00000001   PAD
    0x0800643c   0x0800643c   0x00000004   Data   RO         4222    .rodata.uxTopUsedPriority  tasks.o
    0x08006440   0x08006440   0x00000020   Data   RO         4977    Region$$Table       anon$$obj.o


    Execution Region RW_IRAM1 (Exec base: 0x24000000, Load base: 0x08006460, Size: 0x000091c8, Max: 0x000e0000, ABSOLUTE)

    Exec Addr    Load Addr    Size         Type   Attr      Idx    E Section Name        Object

    0x24000000   0x08006460   0x00000004   Data   RW         4646    .data               mc_w.l(stderr.o)
    0x24000004   0x08006464   0x00000004   Data   RW         4925    .data               mc_w.l(errno.o)
    0x24000008   0x08006468   0x00000004   Data   RW         4943    .data               mc_w.l(stdout.o)
    0x2400000c   0x0800646c   0x00000004   Data   RW         4592    .data.SystemCoreClock  system_gd32h7xx.o
    0x24000010   0x08006470   0x00000004   Data   RW         4333    .data.uxCriticalNesting  port.o
    0x24000014   0x08006474   0x00000004   PAD
    0x24000018        -       0x00000004   Zero   RW           71    .bss.LED_Tsk_Handle  app_task.o
    0x2400001c        -       0x00000004   Zero   RW           69    .bss.Modbus_Recv_Buf  app_task.o
    0x24000020        -       0x00000004   Zero   RW           70    .bss.Modbus_Slave_Tsk_Handle  app_task.o
    0x24000024        -       0x00000002   Zero   RW         4294    .bss.prvSampleTimeNow.xLastTime  timers.o
    0x24000026   0x08006474   0x00000002   PAD
    0x24000028        -       0x00000004   Zero   RW         4207    .bss.pxCurrentTCB   tasks.o
    0x2400002c        -       0x00000004   Zero   RW         4292    .bss.pxCurrentTimerList  timers.o
    0x24000030        -       0x00000004   Zero   RW         4224    .bss.pxDelayedTaskList  tasks.o
    0x24000034        -       0x00000004   Zero   RW         4362    .bss.pxEnd          heap_4.o
    0x24000038        -       0x00000004   Zero   RW         4225    .bss.pxOverflowDelayedTaskList  tasks.o
    0x2400003c        -       0x00000004   Zero   RW         4293    .bss.pxOverflowTimerList  timers.o
    0x24000040        -       0x000000a0   Zero   RW         4215    .bss.pxReadyTasksLists  tasks.o
    0x240000e0        -       0x00008000   Zero   RW         4365    .bss.ucHeap         heap_4.o
    0x240080e0        -       0x00000001   Zero   RW         4331    .bss.ucMaxSysCallPriority  port.o
    0x240080e1   0x08006474   0x00000003   PAD
    0x240080e4        -       0x00000004   Zero   RW         4332    .bss.ulMaxPRIGROUPValue  port.o
    0x240080e8        -       0x00000004   Zero   RW         4212    .bss.uxCurrentNumberOfTasks  tasks.o
    0x240080ec        -       0x00000004   Zero   RW         4211    .bss.uxDeletedTasksWaitingCleanUp  tasks.o
    0x240080f0        -       0x00000004   Zero   RW         4213    .bss.uxSchedulerSuspended  tasks.o
    0x240080f4        -       0x00000004   Zero   RW         4208    .bss.uxTaskNumber   tasks.o
    0x240080f8        -       0x00000004   Zero   RW         4216    .bss.uxTopReadyPriority  tasks.o
    0x240080fc        -       0x00000014   Zero   RW         4295    .bss.xActiveTimerList1  timers.o
    0x24008110        -       0x00000014   Zero   RW         4296    .bss.xActiveTimerList2  timers.o
    0x24008124        -       0x00000014   Zero   RW         4227    .bss.xDelayedTaskList1  tasks.o
    0x24008138        -       0x00000014   Zero   RW         4228    .bss.xDelayedTaskList2  tasks.o
    0x2400814c        -       0x00000004   Zero   RW         4363    .bss.xFreeBytesRemaining  heap_4.o
    0x24008150        -       0x00000004   Zero   RW         4221    .bss.xIdleTaskHandles  tasks.o
    0x24008154        -       0x00000004   Zero   RW         4366    .bss.xMinimumEverFreeBytesRemaining  heap_4.o
    0x24008158        -       0x00000002   Zero   RW         4220    .bss.xNextTaskUnblockTime  tasks.o
    0x2400815a   0x08006474   0x00000002   PAD
    0x2400815c        -       0x00000004   Zero   RW         4226    .bss.xNumOfOverflows  tasks.o
    0x24008160        -       0x00000004   Zero   RW         4367    .bss.xNumberOfSuccessfulAllocations  heap_4.o
    0x24008164        -       0x00000004   Zero   RW         4368    .bss.xNumberOfSuccessfulFrees  heap_4.o
    0x24008168        -       0x00000002   Zero   RW         4223    .bss.xPendedTicks   tasks.o
    0x2400816a   0x08006474   0x00000002   PAD
    0x2400816c        -       0x00000014   Zero   RW         4219    .bss.xPendingReadyList  tasks.o
    0x24008180        -       0x00000004   Zero   RW         4209    .bss.xSchedulerRunning  tasks.o
    0x24008184        -       0x00000008   Zero   RW         4364    .bss.xStart         heap_4.o
    0x2400818c        -       0x00000014   Zero   RW         4217    .bss.xSuspendedTaskList  tasks.o
    0x240081a0        -       0x00000014   Zero   RW         4210    .bss.xTasksWaitingTermination  tasks.o
    0x240081b4        -       0x00000002   Zero   RW         4214    .bss.xTickCount     tasks.o
    0x240081b6   0x08006474   0x00000002   PAD
    0x240081b8        -       0x00000004   Zero   RW         4290    .bss.xTimerQueue    timers.o
    0x240081bc        -       0x00000004   Zero   RW         4291    .bss.xTimerTaskHandle  timers.o
    0x240081c0        -       0x00000004   Zero   RW         4218    .bss.xYieldPendings  tasks.o
    0x240081c4   0x08006474   0x00000004   PAD
    0x240081c8        -       0x00001000   Zero   RW         4600    STACK               startup_gd32h7xx.o



  Load Region LR$$.ARM.__at_0x30000000 (Base: 0x30000000, Size: 0x00000050, Max: 0x00000050, ABSOLUTE)

    Execution Region ER$$.ARM.__at_0x30000000 (Exec base: 0x30000000, Load base: 0x30000000, Size: 0x00000050, Max: 0x00000050, ABSOLUTE, UNINIT)

    Exec Addr    Load Addr    Size         Type   Attr      Idx    E Section Name        Object

    0x30000000   0x30000000   0x00000050   Data   RW         1174    .ARM.__at_0x30000000  gd32h7xx_enet.o



  Load Region LR$$.ARM.__at_0x30000160 (Base: 0x30000160, Size: 0x00000050, Max: 0x00000050, ABSOLUTE)

    Execution Region ER$$.ARM.__at_0x30000160 (Exec base: 0x30000160, Load base: 0x30000160, Size: 0x00000050, Max: 0x00000050, ABSOLUTE, UNINIT)

    Exec Addr    Load Addr    Size         Type   Attr      Idx    E Section Name        Object

    0x30000160   0x30000160   0x00000050   Data   RW         1171    .ARM.__at_0x30000160  gd32h7xx_enet.o



  Load Region LR$$.ARM.__at_0x30000300 (Base: 0x30000300, Size: 0x00001dc4, Max: 0x00001dc4, ABSOLUTE)

    Execution Region ER$$.ARM.__at_0x30000300 (Exec base: 0x30000300, Load base: 0x30000300, Size: 0x00001dc4, Max: 0x00001dc4, ABSOLUTE, UNINIT)

    Exec Addr    Load Addr    Size         Type   Attr      Idx    E Section Name        Object

    0x30000300   0x30000300   0x00001dc4   Data   RW         1175    .ARM.__at_0x30000300  gd32h7xx_enet.o



  Load Region LR$$.ARM.__at_0x30002100 (Base: 0x30002100, Size: 0x00001dc4, Max: 0x00001dc4, ABSOLUTE)

    Execution Region ER$$.ARM.__at_0x30002100 (Exec base: 0x30002100, Load base: 0x30002100, Size: 0x00001dc4, Max: 0x00001dc4, ABSOLUTE, UNINIT)

    Exec Addr    Load Addr    Size         Type   Attr      Idx    E Section Name        Object

    0x30002100   0x30002100   0x00001dc4   Data   RW         1172    .ARM.__at_0x30002100  gd32h7xx_enet.o


==============================================================================

Image component sizes


      Code (inc. data)   RO Data    RW Data    ZI Data      Debug   Object Name

       366         32          0          0         12       4628   app_task.o
        12          0          0          0          0        363   bsp.o
       482          0          0          0          0      19179   gd32h7xx_dma.o
         0          0          0      15400          0      39589   gd32h7xx_enet.o
       270          0          0          0          0       6591   gd32h7xx_gpio.o
        32          0          0          0          0       1093   gd32h7xx_it.o
       152          0          0          0          0       8950   gd32h7xx_misc.o
      1820         78          0          0          0      33666   gd32h7xx_rcu.o
       736          0          0          0          0      19132   gd32h7xx_usart.o
       906          0          0          0      32796       5602   heap_4.o
       128          0          0          0          0       2162   list.o
       250          4          0          0          0       9752   main.o
        74          0          0          0          0       5201   modbus-data.o
      1166        304        592          0          0       9218   modbus-rtu.o
      3728        390       1178          0          0      36141   modbus.o
       976         16          0          4          5       4111   port.o
      1358          0          0          0          0      19888   queue.o
       190         40          0          0          0       2122   retarget_io.o
        60         14        932          0       4096        952   startup_gd32h7xx.o
       720          0          0          4          0       4154   system_gd32h7xx.o
        98          0          0          0          0       6996   systick.o
      3028          0          4          0        314      30124   tasks.o
       938         18          0          0         58      11642   timers.o
       734         16          0          0          0       6296   usart.o

    ----------------------------------------------------------------------
     18792        956       2740      15408      37300     287552   Object Totals
         0          0         32          0          0          0   (incl. Generated)
       568         44          2          0         19          0   (incl. Padding)

    ----------------------------------------------------------------------

      Code (inc. data)   RO Data    RW Data    ZI Data      Debug   Library Member Name

         0          0          0          0          0          0   entry.o
         0          0          0          0          0          0   entry10a.o
         0          0          0          0          0          0   entry11a.o
         8          4          0          0          0          0   entry2.o
         4          0          0          0          0          0   entry5.o
         0          0          0          0          0          0   entry7b.o
         0          0          0          0          0          0   entry8b.o
         8          4          0          0          0          0   entry9a.o
         8          4          0          4          0         68   errno.o
        24          0          0          0          0         80   fputs.o
        36          0          0          0          0         84   fwrite.o
        30          0          0          0          0          0   handlers.o
        36          8          0          0          0         68   init.o
         0          0          0          0          0          0   iusefp.o
        30          0          0          0          0         68   llshl.o
        36          0          0          0          0         68   llsshr.o
        32          0          0          0          0         68   llushr.o
        36          0          0          0          0         68   memcpya.o
        36          0          0          0          0        108   memseta.o
      2310        100          0          0          0        616   printfa.o
        12          6          0          0          0         68   putchar.o
        36          6          0          0          0         80   puts.o
         0          0          0          4          0          0   stderr.o
         0          0          0          4          0          0   stdout.o
        18          0          0          0          0         68   strcpy.o
       228        196          0          0          0         68   strerror.o
        14          0          0          0          0         68   strlen.o
        44          0          0          0          0         80   uidiv.o
        98          0          0          0          0         92   uldiv.o
        48          0          0          0          0         68   cdrcmple.o
       334          0          0          0          0        148   dadd.o
       222          0          0          0          0        100   ddiv.o
       186          0          0          0          0        176   depilogue.o
        48          0          0          0          0         68   dfixul.o
       228          0          0          0          0         96   dmul.o

    ----------------------------------------------------------------------
      4164        328          0         12          0       2476   Library Totals
        14          0          0          0          0          0   (incl. Padding)

    ----------------------------------------------------------------------

      Code (inc. data)   RO Data    RW Data    ZI Data      Debug   Library Name

      3084        328          0         12          0       1820   mc_w.l
      1066          0          0          0          0        656   mf_w.l

    ----------------------------------------------------------------------
      4164        328          0         12          0       2476   Library Totals

    ----------------------------------------------------------------------

==============================================================================


      Code (inc. data)   RO Data    RW Data    ZI Data      Debug   

     22956       1284       2740      15420      37300     288564   Grand Totals
     22956       1284       2740      15420      37300     288564   ELF Image Totals
     22956       1284       2740      15420          0          0   ROM Totals

==============================================================================

    Total RO  Size (Code + RO Data)                25696 (  25.09kB)
    Total RW  Size (RW Data + ZI Data)             52720 (  51.48kB)
    Total ROM Size (Code + RO Data + RW Data)      41116 (  40.15kB)

==============================================================================

